Archive member included to satisfy reference by file (symbol)

D:/Renesas/RA/toolchains/gcc_arm/13.2.rel1/bin/../lib/gcc/arm-none-eabi/13.2.1/thumb/v8-m.main+fp/hard\libgcc.a(_arm_addsubdf3.o)
                              ./src/app/app.o (__aeabi_f2d)
D:/Renesas/RA/toolchains/gcc_arm/13.2.rel1/bin/../lib/gcc/arm-none-eabi/13.2.1/thumb/v8-m.main+fp/hard\libgcc.a(_arm_addsubsf3.o)
                              ./src/weight/hx711.o (__aeabi_ul2f)
D:/Renesas/RA/toolchains/gcc_arm/13.2.rel1/bin/../lib/gcc/arm-none-eabi/13.2.1/thumb/v8-m.main+fp/hard\libgcc.a(_aeabi_ldivmod.o)
                              ./ra/fsp/src/r_sci_uart/r_sci_uart.o (__aeabi_ldivmod)
D:/Renesas/RA/toolchains/gcc_arm/13.2.rel1/bin/../lib/gcc/arm-none-eabi/13.2.1/thumb/v8-m.main+fp/hard\libgcc.a(_udivmoddi4.o)
                              D:/Renesas/RA/toolchains/gcc_arm/13.2.rel1/bin/../lib/gcc/arm-none-eabi/13.2.1/thumb/v8-m.main+fp/hard\libgcc.a(_aeabi_ldivmod.o) (__udivmoddi4)
D:/Renesas/RA/toolchains/gcc_arm/13.2.rel1/bin/../lib/gcc/arm-none-eabi/13.2.1/thumb/v8-m.main+fp/hard\libgcc.a(_dvmd_tls.o)
                              D:/Renesas/RA/toolchains/gcc_arm/13.2.rel1/bin/../lib/gcc/arm-none-eabi/13.2.1/thumb/v8-m.main+fp/hard\libgcc.a(_aeabi_ldivmod.o) (__aeabi_ldiv0)
D:/Renesas/RA/toolchains/gcc_arm/13.2.rel1/bin/../lib/gcc/arm-none-eabi/13.2.1/thumb/v8-m.main+fp/hard\libg_nano.a(libc_a-exit.o)
                              D:/Renesas/RA/toolchains/gcc_arm/13.2.rel1/bin/../lib/gcc/arm-none-eabi/13.2.1/thumb/v8-m.main+fp/hard/crt0.o (exit)
D:/Renesas/RA/toolchains/gcc_arm/13.2.rel1/bin/../lib/gcc/arm-none-eabi/13.2.1/thumb/v8-m.main+fp/hard\libg_nano.a(libc_a-nano-vfprintf_float.o)
                              (_printf_float)
D:/Renesas/RA/toolchains/gcc_arm/13.2.rel1/bin/../lib/gcc/arm-none-eabi/13.2.1/thumb/v8-m.main+fp/hard\libg_nano.a(libc_a-nano-vfprintf_i.o)
                              D:/Renesas/RA/toolchains/gcc_arm/13.2.rel1/bin/../lib/gcc/arm-none-eabi/13.2.1/thumb/v8-m.main+fp/hard\libg_nano.a(libc_a-nano-vfprintf_float.o) (_printf_common)
D:/Renesas/RA/toolchains/gcc_arm/13.2.rel1/bin/../lib/gcc/arm-none-eabi/13.2.1/thumb/v8-m.main+fp/hard\libg_nano.a(libc_a-findfp.o)
                              D:/Renesas/RA/toolchains/gcc_arm/13.2.rel1/bin/../lib/gcc/arm-none-eabi/13.2.1/thumb/v8-m.main+fp/hard\libg_nano.a(libc_a-exit.o) (__stdio_exit_handler)
D:/Renesas/RA/toolchains/gcc_arm/13.2.rel1/bin/../lib/gcc/arm-none-eabi/13.2.1/thumb/v8-m.main+fp/hard\libg_nano.a(libc_a-fwalk.o)
                              D:/Renesas/RA/toolchains/gcc_arm/13.2.rel1/bin/../lib/gcc/arm-none-eabi/13.2.1/thumb/v8-m.main+fp/hard\libg_nano.a(libc_a-findfp.o) (_fwalk_sglue)
D:/Renesas/RA/toolchains/gcc_arm/13.2.rel1/bin/../lib/gcc/arm-none-eabi/13.2.1/thumb/v8-m.main+fp/hard\libg_nano.a(libc_a-printf.o)
                              ./src/flash/flash.o (printf)
D:/Renesas/RA/toolchains/gcc_arm/13.2.rel1/bin/../lib/gcc/arm-none-eabi/13.2.1/thumb/v8-m.main+fp/hard\libg_nano.a(libc_a-puts.o)
                              ./src/weight/hx711.o (puts)
D:/Renesas/RA/toolchains/gcc_arm/13.2.rel1/bin/../lib/gcc/arm-none-eabi/13.2.1/thumb/v8-m.main+fp/hard\libg_nano.a(libc_a-stdio.o)
                              D:/Renesas/RA/toolchains/gcc_arm/13.2.rel1/bin/../lib/gcc/arm-none-eabi/13.2.1/thumb/v8-m.main+fp/hard\libg_nano.a(libc_a-findfp.o) (__sread)
D:/Renesas/RA/toolchains/gcc_arm/13.2.rel1/bin/../lib/gcc/arm-none-eabi/13.2.1/thumb/v8-m.main+fp/hard\libg_nano.a(libc_a-wbuf.o)
                              D:/Renesas/RA/toolchains/gcc_arm/13.2.rel1/bin/../lib/gcc/arm-none-eabi/13.2.1/thumb/v8-m.main+fp/hard\libg_nano.a(libc_a-puts.o) (__swbuf_r)
D:/Renesas/RA/toolchains/gcc_arm/13.2.rel1/bin/../lib/gcc/arm-none-eabi/13.2.1/thumb/v8-m.main+fp/hard\libg_nano.a(libc_a-wsetup.o)
                              D:/Renesas/RA/toolchains/gcc_arm/13.2.rel1/bin/../lib/gcc/arm-none-eabi/13.2.1/thumb/v8-m.main+fp/hard\libg_nano.a(libc_a-puts.o) (__swsetup_r)
D:/Renesas/RA/toolchains/gcc_arm/13.2.rel1/bin/../lib/gcc/arm-none-eabi/13.2.1/thumb/v8-m.main+fp/hard\libg_nano.a(libc_a-memmove.o)
                              ./src/oled/oled.o (memmove)
D:/Renesas/RA/toolchains/gcc_arm/13.2.rel1/bin/../lib/gcc/arm-none-eabi/13.2.1/thumb/v8-m.main+fp/hard\libg_nano.a(libc_a-memset.o)
                              D:/Renesas/RA/toolchains/gcc_arm/13.2.rel1/bin/../lib/gcc/arm-none-eabi/13.2.1/thumb/v8-m.main+fp/hard/crt0.o (memset)
D:/Renesas/RA/toolchains/gcc_arm/13.2.rel1/bin/../lib/gcc/arm-none-eabi/13.2.1/thumb/v8-m.main+fp/hard\libg_nano.a(libc_a-localeconv.o)
                              D:/Renesas/RA/toolchains/gcc_arm/13.2.rel1/bin/../lib/gcc/arm-none-eabi/13.2.1/thumb/v8-m.main+fp/hard\libg_nano.a(libc_a-nano-vfprintf_float.o) (_localeconv_r)
D:/Renesas/RA/toolchains/gcc_arm/13.2.rel1/bin/../lib/gcc/arm-none-eabi/13.2.1/thumb/v8-m.main+fp/hard\libg_nano.a(libc_a-closer.o)
[...]
Memory Configuration

Name             Origin             Length             Attributes
RAM              0x20000000         0x0000a000         xrw
FLASH            0x00000000         0x00040000         xr
DATA_FLASH       0x08000000         0x00001000         xr
QSPI_FLASH       0x60000000         0x04000000         xr
OPTION_SETTING_OFS0 0x0100a100         0x00000004         r
OPTION_SETTING_OSIS 0x0100a120         0x00000010         r
OPTION_SETTING_OFS1_SEC 0x0100a200         0x00000004         r
OPTION_SETTING_BPS_SEC 0x0100a240         0x00000004         r
OPTION_SETTING_PBPS_SEC 0x0100a260         0x00000004         r
*default*        0x00000000         0xffffffff

Linker script and memory map

LOAD D:/Renesas/RA/toolchains/gcc_arm/13.2.rel1/bin/../lib/gcc/arm-none-eabi/13.2.1/thumb/v8-m.main+fp/hard/crti.o
LOAD D:/Renesas/RA/toolchains/gcc_arm/13.2.rel1/bin/../lib/gcc/arm-none-eabi/13.2.1/thumb/v8-m.main+fp/hard/crtbegin.o
LOAD D:/Renesas/RA/toolchains/gcc_arm/13.2.rel1/bin/../lib/gcc/arm-none-eabi/13.2.1/thumb/v8-m.main+fp/hard/crt0.o
LOAD ./src/weight/hx711.o
LOAD ./src/uart/uart.o
LOAD ./src/timer/gpt_timer.o
LOAD ./src/oled/oled.o
LOAD ./src/flash/flash.o
LOAD ./src/app/app.o
LOAD ./src/LED/TM1650.o
LOAD ./src/hal_entry.o
LOAD ./src/hal_warmstart.o
LOAD ./ra_gen/common_data.o
LOAD ./ra_gen/hal_data.o
LOAD ./ra_gen/main.o
LOAD ./ra_gen/pin_data.o
LOAD ./ra_gen/vector_data.o
LOAD ./ra/fsp/src/r_sci_uart/r_sci_uart.o
LOAD ./ra/fsp/src/r_ioport/r_ioport.o
LOAD ./ra/fsp/src/r_gpt/r_gpt.o
LOAD ./ra/fsp/src/r_flash_hp/r_flash_hp.o
LOAD ./ra/fsp/src/bsp/mcu/ra6e2/bsp_linker.o
LOAD ./ra/fsp/src/bsp/mcu/all/bsp_clocks.o
LOAD ./ra/fsp/src/bsp/mcu/all/bsp_common.o
LOAD ./ra/fsp/src/bsp/mcu/all/bsp_delay.o
LOAD ./ra/fsp/src/bsp/mcu/all/bsp_group_irq.o
LOAD ./ra/fsp/src/bsp/mcu/all/bsp_guard.o
LOAD ./ra/fsp/src/bsp/mcu/all/bsp_io.o
LOAD ./ra/fsp/src/bsp/mcu/all/bsp_ipc.o
LOAD ./ra/fsp/src/bsp/mcu/all/bsp_irq.o
LOAD ./ra/fsp/src/bsp/mcu/all/bsp_macl.o
LOAD ./ra/fsp/src/bsp/mcu/all/bsp_ospi_b.o
LOAD ./ra/fsp/src/bsp/mcu/all/bsp_register_protection.o
LOAD ./ra/fsp/src/bsp/mcu/all/bsp_sbrk.o
LOAD ./ra/fsp/src/bsp/mcu/all/bsp_sdram.o
LOAD ./ra/fsp/src/bsp/mcu/all/bsp_security.o
LOAD ./ra/fsp/src/bsp/cmsis/Device/RENESAS/Source/startup.o
LOAD ./ra/fsp/src/bsp/cmsis/Device/RENESAS/Source/system.o
START GROUP
LOAD D:/Renesas/RA/toolchains/gcc_arm/13.2.rel1/bin/../lib/gcc/arm-none-eabi/13.2.1/thumb/v8-m.main+fp/hard\libgcc.a
LOAD D:/Renesas/RA/toolchains/gcc_arm/13.2.rel1/bin/../lib/gcc/arm-none-eabi/13.2.1/thumb/v8-m.main+fp/hard\libg_nano.a
LOAD D:/Renesas/RA/toolchains/gcc_arm/13.2.rel1/bin/../lib/gcc/arm-none-eabi/13.2.1/thumb/v8-m.main+fp/hard\libc_nano.a
END GROUP
START GROUP
LOAD D:/Renesas/RA/toolchains/gcc_arm/13.2.rel1/bin/../lib/gcc/arm-none-eabi/13.2.1/thumb/v8-m.main+fp/hard\libgcc.a
LOAD D:/Renesas/RA/toolchains/gcc_arm/13.2.rel1/bin/../lib/gcc/arm-none-eabi/13.2.1/thumb/v8-m.main+fp/hard\libc_nano.a
END GROUP
LOAD D:/Renesas/RA/toolchains/gcc_arm/13.2.rel1/bin/../lib/gcc/arm-none-eabi/13.2.1/thumb/v8-m.main+fp/hard/crtend.o
LOAD D:/Renesas/RA/toolchains/gcc_arm/13.2.rel1/bin/../lib/gcc/arm-none-eabi/13.2.1/thumb/v8-m.main+fp/hard/crtn.o
                0x20000000                        RAM_START = 0x20000000
                0x0000a000                        RAM_LENGTH = 0xa000
                0x00000000                        FLASH_START = 0x0
                0x00040000                        FLASH_LENGTH = 0x40000
                0x08000000                        DATA_FLASH_START = 0x8000000
                0x00001000                        DATA_FLASH_LENGTH = 0x1000
                0x60000000                        QSPI_FLASH_START = 0x60000000
                0x04000000                        QSPI_FLASH_LENGTH = 0x4000000
                0x0100a100                        OPTION_SETTING_OFS0_START = 0x100a100
                0x00000004                        OPTION_SETTING_OFS0_LENGTH = 0x4
                0x0100a120                        OPTION_SETTING_OSIS_START = 0x100a120
                0x00000010                        OPTION_SETTING_OSIS_LENGTH = 0x10
                0x0100a200                        OPTION_SETTING_OFS1_SEC_START = 0x100a200
                0x00000004                        OPTION_SETTING_OFS1_SEC_LENGTH = 0x4
                0x0100a240                        OPTION_SETTING_BPS_SEC_START = 0x100a240
                0x00000004                        OPTION_SETTING_BPS_SEC_LENGTH = 0x4
                0x0100a260                        OPTION_SETTING_PBPS_SEC_START = 0x100a260
                0x00000004                        OPTION_SETTING_PBPS_SEC_LENGTH = 0x4
START GROUP
LOAD D:/Renesas/RA/toolchains/gcc_arm/13.2.rel1/bin/../lib/gcc/arm-none-eabi/13.2.1/thumb/v8-m.main+fp/hard\libgcc.a
LOAD D:/Renesas/RA/toolchains/gcc_arm/13.2.rel1/bin/../lib/gcc/arm-none-eabi/13.2.1/thumb/v8-m.main+fp/hard\libc.a
LOAD D:/Renesas/RA/toolchains/gcc_arm/13.2.rel1/bin/../lib/gcc/arm-none-eabi/13.2.1/thumb/v8-m.main+fp/hard\libm.a
END GROUP

.qspi_flash.startof
                0x60000000        0x0
                0x60000000                        __ddsc_QSPI_FLASH_START = .

.ram.startof    0x20000000        0x0
                0x20000000                        __ddsc_RAM_START = .

__ram_dtc_vector$$
                0x20000000        0x0
                0x20000000                        __ram_dtc_vector$$Base = .
 *(.fsp_dtc_vector_table)
                0x20000000                        __ram_dtc_vector$$Limit = .

__ram_from_qspi_flash$$
                0x20000000        0x0 load address 0x60000000
                0x20000000                        __ram_from_qspi_flash$$Base = .
                0x60000000                        __ram_from_qspi_flash$$Load = LOADADDR (__ram_from_qspi_flash$$)
 *(.ram_from_qspi_flash)
 *(.ram_code_from_qspi_flash)
                0x20000000                        __ram_from_qspi_flash$$Limit = .

__qspi_flash_readonly$$
                0x60000000        0x0
                0x60000000                        __qspi_flash_readonly$$Base = .
 *(.qspi_flash)
 *(.qspi_flash_code)
                0x60000000                        __qspi_flash_readonly$$Limit = .

__qspi_flash_noinit$$
                0x60000000        0x0
                0x60000000                        __qspi_flash_noinit$$Base = .
 *(.qspi_flash_noinit)
                0x60000000                        __qspi_flash_noinit$$Limit = .

.qspi_flash.endof
                0x60000000        0x0
                0x60000000                        __ddsc_QSPI_FLASH_END = .

.data_flash.startof
                0x08000000        0x0
                0x08000000                        __ddsc_DATA_FLASH_START = .

__ram_from_data_flash$$
                0x20000000        0x0 load address 0x08000000
                0x20000000                        __ram_from_data_flash$$Base = .
                0x08000000                        __ram_from_data_flash$$Load = LOADADDR (__ram_from_data_flash$$)
 *(.ram_from_data_flash)
 *(.ram_code_from_data_flash)
                0x20000000                        __ram_from_data_flash$$Limit = .

__data_flash_readonly$$
                0x08000000        0x0
                0x08000000                        __data_flash_readonly$$Base = .
 *(.data_flash)
 *(.data_flash_code)
                0x08000000                        __data_flash_readonly$$Limit = .

__data_flash_noinit$$
                0x08000000        0x0
                0x08000000                        __data_flash_noinit$$Base = .
 *(.data_flash_noinit)
                0x08000000                        __data_flash_noinit$$Limit = .

.data_flash.endof
                0x08000000        0x0
                0x08000000                        __ddsc_DATA_FLASH_END = .

.flash.startof  0x00000000        0x0
                0x00000000                        __ddsc_FLASH_START = .

__flash_vectors$$
                0x00000000       0x6c
                0x00000000                        __flash_vectors$$Base = .
                0x00000000                        _VECTORS = .
 *(.fixed_vectors)
 .fixed_vectors
                0x00000000       0x40 ./ra/fsp/src/bsp/cmsis/Device/RENESAS/Source/startup.o
                0x00000000                __Vectors
 *(.application_vectors)
 .application_vectors
                0x00000040       0x2c ./ra_gen/vector_data.o
                0x00000040                g_vector_table
                0x0000006c                        __flash_vectors$$Limit = .

__flash_noinit$$
                0x0000006c        0x0
                0x0000006c                        __flash_noinit$$Base = .
 *(.flash_noinit)
                0x0000006c                        __flash_noinit$$Limit = .

__ram_from_flash$$
                0x20000000      0x1d8 load address 0x0000006c
                0x20000000                        __ram_from_flash$$Base = .
                0x0000006c                        __ram_from_flash$$Load = LOADADDR (__ram_from_flash$$)
 *(.ram_from_flash)
 *(.ram_code_from_flash)
 *(.data*)
 .data.GAP_VALUE
                0x20000000        0x4 ./src/weight/hx711.o
                0x20000000                GAP_VALUE
 .data.bytes    0x20000004        0x4 ./src/uart/uart.o
                0x20000004                bytes
 .data.g_uart0_baud_setting
                0x20000008        0x4 ./ra_gen/hal_data.o
                0x20000008                g_uart0_baud_setting
 .data.g_uart1_baud_setting
                0x2000000c        0x4 ./ra_gen/hal_data.o
                0x2000000c                g_uart1_baud_setting
 .data.__sglue  0x20000010        0xc D:/Renesas/RA/toolchains/gcc_arm/13.2.rel1/bin/../lib/gcc/arm-none-eabi/13.2.1/thumb/v8-m.main+fp/hard\libg_nano.a(libc_a-findfp.o)
                0x20000010                __sglue
 .data._impure_ptr
                0x2000001c        0x4 D:/Renesas/RA/toolchains/gcc_arm/13.2.rel1/bin/../lib/gcc/arm-none-eabi/13.2.1/thumb/v8-m.main+fp/hard\libg_nano.a(libc_a-impure.o)
                0x2000001c                _impure_ptr
 .data._impure_data
                0x20000020       0x4c D:/Renesas/RA/toolchains/gcc_arm/13.2.rel1/bin/../lib/gcc/arm-none-eabi/13.2.1/thumb/v8-m.main+fp/hard\libg_nano.a(libc_a-impure.o)
                0x20000020                _impure_data
 .data.__global_locale
                0x2000006c      0x16c D:/Renesas/RA/toolchains/gcc_arm/13.2.rel1/bin/../lib/gcc/arm-none-eabi/13.2.1/thumb/v8-m.main+fp/hard\libg_nano.a(libc_a-locale.o)
                0x2000006c                __global_locale
 *(vtable)
                0x200001d8                        __ram_from_flash$$Limit = .

.tm_clone_table
                0x200001d8        0x0 load address 0x00000244
 .tm_clone_table
                0x200001d8        0x0 D:/Renesas/RA/toolchains/gcc_arm/13.2.rel1/bin/../lib/gcc/arm-none-eabi/13.2.1/thumb/v8-m.main+fp/hard/crtbegin.o
 .tm_clone_table
                0x200001d8        0x0 D:/Renesas/RA/toolchains/gcc_arm/13.2.rel1/bin/../lib/gcc/arm-none-eabi/13.2.1/thumb/v8-m.main+fp/hard/crtend.o

.igot.plt       0x200001d8        0x0 load address 0x00000244
 .igot.plt      0x200001d8        0x0 D:/Renesas/RA/toolchains/gcc_arm/13.2.rel1/bin/../lib/gcc/arm-none-eabi/13.2.1/thumb/v8-m.main+fp/hard/crtbegin.o

__ram_noinit_nocache$$
                0x200001e0        0x0 load address 0x00000260
                0x200001e0                        __ram_noinit_nocache$$Base = .
 *(.ram_noinit_nocache)
                0x200001e0                        __ram_noinit_nocache$$Limit = .

__ram_zero_nocache$$
                0x200001d8        0x8 load address 0x00000244
                0x200001d8                        __ram_zero_nocache$$Base = .
 *(.ram_nocache)
                0x200001e0                        . = ALIGN (0x20)
 *fill*         0x200001d8        0x8 
                0x200001e0                        __ram_zero_nocache$$Limit = .

__ram_noinit$$  0x200001e0     0x1418 load address 0x00000244
                0x200001e0                        __ram_noinit$$Base = .
 *(.bss.g_heap)
 .bss.g_heap    0x200001e0     0x1000 ./ra/fsp/src/bsp/cmsis/Device/RENESAS/Source/startup.o
                0x200001e0                g_heap
 *(.bss.g_main_stack)
 .bss.g_main_stack
                0x200011e0      0x400 ./ra/fsp/src/bsp/cmsis/Device/RENESAS/Source/startup.o
                0x200011e0                g_main_stack
 *(.ram_noinit)
 .ram_noinit    0x200015e0       0x18 ./ra/fsp/src/bsp/mcu/all/bsp_clocks.o
 *(.noinit)
                0x200015f8                        __ram_noinit$$Limit = .

__ram_zero$$    0x200015f8      0x774 load address 0x00000244
                0x200015f8                        __ram_zero$$Base = .
 *(.ram)
 *(.bss*)
 .bss.completed.1
                0x200015f8        0x1 D:/Renesas/RA/toolchains/gcc_arm/13.2.rel1/bin/../lib/gcc/arm-none-eabi/13.2.1/thumb/v8-m.main+fp/hard/crtbegin.o
 *fill*         0x200015f9        0x3 
 .bss.object.0  0x200015fc       0x18 D:/Renesas/RA/toolchains/gcc_arm/13.2.rel1/bin/../lib/gcc/arm-none-eabi/13.2.1/thumb/v8-m.main+fp/hard/crtbegin.o
 .bss.current_count.0
                0x20001614        0x1 ./src/weight/hx711.o
 *fill*         0x20001615        0x3 
 .bss.Scale_Key
                0x20001618        0xc ./src/weight/hx711.o
                0x20001618                Scale_Key
 .bss.HX711_Filter
                0x20001624       0x34 ./src/weight/hx711.o
                0x20001624                HX711_Filter
 .bss.HX711_Weight_Init
                0x20001658        0x4 ./src/weight/hx711.o
                0x20001658                HX711_Weight_Init
 .bss.Uart1_Send_Flag
                0x2000165c        0x1 ./src/uart/uart.o
                0x2000165c                Uart1_Send_Flag
 .bss.Uart1_Receive_Flag
                0x2000165d        0x1 ./src/uart/uart.o
                0x2000165d                Uart1_Receive_Flag
 .bss.Uart0_Send_Flag
                0x2000165e        0x1 ./src/uart/uart.o
                0x2000165e                Uart0_Send_Flag
 .bss.Uart0_Receive_Flag
                0x2000165f        0x1 ./src/uart/uart.o
                0x2000165f                Uart0_Receive_Flag
 .bss.OLED_GRAM
                0x20001660      0x480 ./src/oled/oled.o
                0x20001660                OLED_GRAM
 .bss.flash_event_error_type
                0x20001ae0        0x1 ./src/flash/flash.o
                0x20001ae0                flash_event_error_type
 .bss.flash_event_error
                0x20001ae1        0x1 ./src/flash/flash.o
                0x20001ae1                flash_event_error
 .bss.flash_event_blank
                0x20001ae2        0x1 ./src/flash/flash.o
                0x20001ae2                flash_event_blank
 .bss.flash_event_not_blank
                0x20001ae3        0x1 ./src/flash/flash.o
                0x20001ae3                flash_event_not_blank
 .bss.flash_write_complete_flag
                0x20001ae4        0x1 ./src/flash/flash.o
                0x20001ae4                flash_write_complete_flag
 .bss.flash_erase_complete_flag
                0x20001ae5        0x1 ./src/flash/flash.o
                0x20001ae5                flash_erase_complete_flag
 *fill*         0x20001ae6        0x2 
 .bss.g_ioport_ctrl
                0x20001ae8        0x8 ./ra_gen/common_data.o
                0x20001ae8                g_ioport_ctrl
 .bss.g_uart0_ctrl
                0x20001af0       0x30 ./ra_gen/hal_data.o
                0x20001af0                g_uart0_ctrl
 .bss.g_uart1_ctrl
                0x20001b20       0x30 ./ra_gen/hal_data.o
                0x20001b20                g_uart1_ctrl
 .bss.g_flash0_ctrl
                0x20001b50       0x4c ./ra_gen/hal_data.o
                0x20001b50                g_flash0_ctrl
 .bss.g_bsp_group_irq_sources
                0x20001b9c       0x40 ./ra/fsp/src/bsp/mcu/all/bsp_group_irq.o
                0x20001b9c                g_bsp_group_irq_sources
 .bss.g_protect_pfswe_counter
                0x20001bdc        0x4 ./ra/fsp/src/bsp/mcu/all/bsp_io.o
                0x20001bdc                g_protect_pfswe_counter
 .bss.gp_renesas_isr_context
                0x20001be0       0x2c ./ra/fsp/src/bsp/mcu/all/bsp_irq.o
                0x20001be0                gp_renesas_isr_context
 .bss.g_protect_counters
                0x20001c0c        0xa ./ra/fsp/src/bsp/mcu/all/bsp_register_protection.o
                0x20001c0c                g_protect_counters
 *fill*         0x20001c16        0x2 
 .bss.current_block_offset.0
                0x20001c18        0x4 ./ra/fsp/src/bsp/mcu/all/bsp_sbrk.o
 .bss.SystemCoreClock
                0x20001c1c        0x4 ./ra/fsp/src/bsp/cmsis/Device/RENESAS/Source/system.o
                0x20001c1c                SystemCoreClock
 .bss.__sf      0x20001c20      0x138 D:/Renesas/RA/toolchains/gcc_arm/13.2.rel1/bin/../lib/gcc/arm-none-eabi/13.2.1/thumb/v8-m.main+fp/hard\libg_nano.a(libc_a-findfp.o)
                0x20001c20                __sf
 .bss.__stdio_exit_handler
                0x20001d58        0x4 D:/Renesas/RA/toolchains/gcc_arm/13.2.rel1/bin/../lib/gcc/arm-none-eabi/13.2.1/thumb/v8-m.main+fp/hard\libg_nano.a(libc_a-findfp.o)
                0x20001d58                __stdio_exit_handler
 .bss.errno     0x20001d5c        0x4 D:/Renesas/RA/toolchains/gcc_arm/13.2.rel1/bin/../lib/gcc/arm-none-eabi/13.2.1/thumb/v8-m.main+fp/hard\libg_nano.a(libc_a-reent.o)
                0x20001d5c                errno
 .bss.__lock___malloc_recursive_mutex
                0x20001d60        0x1 D:/Renesas/RA/toolchains/gcc_arm/13.2.rel1/bin/../lib/gcc/arm-none-eabi/13.2.1/thumb/v8-m.main+fp/hard\libg_nano.a(libc_a-lock.o)
                0x20001d60                __lock___malloc_recursive_mutex
 .bss.__lock___sfp_recursive_mutex
                0x20001d61        0x1 D:/Renesas/RA/toolchains/gcc_arm/13.2.rel1/bin/../lib/gcc/arm-none-eabi/13.2.1/thumb/v8-m.main+fp/hard\libg_nano.a(libc_a-lock.o)
                0x20001d61                __lock___sfp_recursive_mutex
 *fill*         0x20001d62        0x2 
 .bss.__malloc_sbrk_start
                0x20001d64        0x4 D:/Renesas/RA/toolchains/gcc_arm/13.2.rel1/bin/../lib/gcc/arm-none-eabi/13.2.1/thumb/v8-m.main+fp/hard\libg_nano.a(libc_a-mallocr.o)
                0x20001d64                __malloc_sbrk_start
 .bss.__malloc_free_list
                0x20001d68        0x4 D:/Renesas/RA/toolchains/gcc_arm/13.2.rel1/bin/../lib/gcc/arm-none-eabi/13.2.1/thumb/v8-m.main+fp/hard\libg_nano.a(libc_a-mallocr.o)
                0x20001d68                __malloc_free_list
                0x20001d6c                        __ram_zero$$Limit = .

__ram_thread_stack$$
                0x20001d70        0x0 load address 0x00000248
                0x20001d70                        __ram_thread_stack$$Base = .
 *(.stack?*)
                0x20001d70                        __ram_thread_stack$$Limit = .

.ram.endof      0x20002000        0x0
                0x20002000                        __ddsc_RAM_END = .

.ram.flat_nsc   0x20002000        0x0
                0x20002000                        __ddsc_RAM_NSC = .

__flash_readonly$$
                0x00000248     0x7d1c
                0x00000248                        __flash_readonly$$Base = .
 *(.flash)
 *(.flash_code)
 *(.text*)
 .text.deregister_tm_clones
                0x00000248       0x1c D:/Renesas/RA/toolchains/gcc_arm/13.2.rel1/bin/../lib/gcc/arm-none-eabi/13.2.1/thumb/v8-m.main+fp/hard/crtbegin.o
 .text.register_tm_clones
                0x00000264       0x28 D:/Renesas/RA/toolchains/gcc_arm/13.2.rel1/bin/../lib/gcc/arm-none-eabi/13.2.1/thumb/v8-m.main+fp/hard/crtbegin.o
 .text.__do_global_dtors_aux
                0x0000028c       0x28 D:/Renesas/RA/toolchains/gcc_arm/13.2.rel1/bin/../lib/gcc/arm-none-eabi/13.2.1/thumb/v8-m.main+fp/hard/crtbegin.o
 .text.frame_dummy
                0x000002b4       0x24 D:/Renesas/RA/toolchains/gcc_arm/13.2.rel1/bin/../lib/gcc/arm-none-eabi/13.2.1/thumb/v8-m.main+fp/hard/crtbegin.o
 .text.Moving_Average_Filter.constprop.0
                0x000002d8       0x68 ./src/weight/hx711.o
 .text.HX711_Read
                0x00000340      0x120 ./src/weight/hx711.o
 .text.HX711_Init
                0x00000460       0x48 ./src/weight/hx711.o
                0x00000460                HX711_Init
 .text.HX711_Get_InitValue
                0x000004a8       0x10 ./src/weight/hx711.o
                0x000004a8                HX711_Get_InitValue
 .text.HX711_Get_Weight
                0x000004b8       0x9c ./src/weight/hx711.o
                0x000004b8                HX711_Get_Weight
 .text.Get_Key  0x00000554       0x98 ./src/weight/hx711.o
                0x00000554                Get_Key
 .text.HX711_Get_CalibrationValue
                0x000005ec      0x1c4 ./src/weight/hx711.o
                0x000005ec                HX711_Get_CalibrationValue
 .text.UART0_Init
                0x000007b0       0x24 ./src/uart/uart.o
                0x000007b0                UART0_Init
 .text.UART1_Init
                0x000007d4       0x24 ./src/uart/uart.o
                0x000007d4                UART1_Init
 .text.uart0_callback
                0x000007f8       0x3c ./src/uart/uart.o
                0x000007f8                uart0_callback
 .text.uart1_callback
                0x00000834       0x24 ./src/uart/uart.o
                0x00000834                uart1_callback
 .text._close   0x00000858        0x8 ./src/uart/uart.o
                0x00000858                _close
 .text._lseek   0x00000860        0x8 ./src/uart/uart.o
                0x00000860                _lseek
 .text._read    0x00000868        0x4 ./src/uart/uart.o
                0x00000868                _read
 .text._fstat   0x0000086c        0x8 ./src/uart/uart.o
                0x0000086c                _fstat
 .text._isatty  0x00000874        0x4 ./src/uart/uart.o
                0x00000874                _isatty
 .text._write   0x00000878       0x24 ./src/uart/uart.o
                0x00000878                _write
 .text.I2C_Start
                0x0000089c       0x54 ./src/oled/oled.o
 .text.Send_Byte
                0x000008f0       0x54 ./src/oled/oled.o
 .text.I2C_WaitAck
                0x00000944       0x48 ./src/oled/oled.o
 .text.OLED_WR_Byte
                0x0000098c       0x68 ./src/oled/oled.o
                0x0000098c                OLED_WR_Byte
 .text.OLED_ColorTurn
                0x000009f4       0x18 ./src/oled/oled.o
                0x000009f4                OLED_ColorTurn
 .text.OLED_DisplayTurn
                0x00000a0c       0x34 ./src/oled/oled.o
                0x00000a0c                OLED_DisplayTurn
 .text.OLED_Refresh
                0x00000a40       0x98 ./src/oled/oled.o
                0x00000a40                OLED_Refresh
 .text.OLED_DrawPoint
                0x00000ad8       0x3c ./src/oled/oled.o
                0x00000ad8                OLED_DrawPoint
 .text.OLED_ShowChar
                0x00000b14      0x14c ./src/oled/oled.o
                0x00000b14                OLED_ShowChar
 .text.OLED_ShowString
                0x00000c60       0x4c ./src/oled/oled.o
                0x00000c60                OLED_ShowString
 .text.OLED_ShowNum
                0x00000cac       0x9c ./src/oled/oled.o
                0x00000cac                OLED_ShowNum
 .text.OLED_Init
                0x00000d48      0x138 ./src/oled/oled.o
                0x00000d48                OLED_Init
 .text.FLASH_Init.part.0
                0x00000e80       0x1c ./src/flash/flash.o
 .text.FLASH_Write.part.0
                0x00000e9c       0x1c ./src/flash/flash.o
 .text.FLASH_Init
                0x00000eb8       0x1c ./src/flash/flash.o
                0x00000eb8                FLASH_Init
 .text.FLASH_Read
                0x00000ed4        0x4 ./src/flash/flash.o
                0x00000ed4                FLASH_Read
 .text.FLASH_Write_Float
                0x00000ed8       0x70 ./src/flash/flash.o
                0x00000ed8                FLASH_Write_Float
 .text.FLASH_Read_Float
                0x00000f48        0x8 ./src/flash/flash.o
                0x00000f48                FLASH_Read_Float
 .text.flash_callback
                0x00000f50       0x54 ./src/flash/flash.o
                0x00000f50                flash_callback
 .text.app_main
                0x00000fa4      0x128 ./src/app/app.o
                0x00000fa4                app_main
 .text.MyI2C_Start
                0x000010cc       0x5c ./src/LED/TM1650.o
                0x000010cc                MyI2C_Start
 .text.MyI2C_SendByte
                0x00001128       0x54 ./src/LED/TM1650.o
                0x00001128                MyI2C_SendByte
 .text.MyI2C_ReceiveAck
                0x0000117c       0x68 ./src/LED/TM1650.o
                0x0000117c                MyI2C_ReceiveAck
 .text.TM1650_init
                0x000011e4      0x108 ./src/LED/TM1650.o
                0x000011e4                TM1650_init
 .text.TM1650_print
                0x000012ec       0x78 ./src/LED/TM1650.o
                0x000012ec                TM1650_print
 .text.TM1650_showNum
                0x00001364       0xa8 ./src/LED/TM1650.o
                0x00001364                TM1650_showNum
 .text.hal_entry
                0x0000140c        0x4 ./src/hal_entry.o
                0x0000140c                hal_entry
 .text.R_BSP_WarmStart
                0x00001410       0x18 ./src/hal_warmstart.o
                0x00001410                R_BSP_WarmStart
 .text.startup.main
                0x00001428        0xc ./ra_gen/main.o
                0x00001428                main
 .text.R_SCI_UART_Write
                0x00001434       0x50 ./ra/fsp/src/r_sci_uart/r_sci_uart.o
                0x00001434                R_SCI_UART_Write
 .text.r_sci_uart_call_callback
                0x00001484       0x44 ./ra/fsp/src/r_sci_uart/r_sci_uart.o
 .text.R_SCI_UART_Open
                0x000014c8      0x398 ./ra/fsp/src/r_sci_uart/r_sci_uart.o
                0x000014c8                R_SCI_UART_Open
 .text.sci_uart_txi_isr
                0x00001860       0x8c ./ra/fsp/src/r_sci_uart/r_sci_uart.o
                0x00001860                sci_uart_txi_isr
 .text.sci_uart_rxi_isr
                0x000018ec       0x90 ./ra/fsp/src/r_sci_uart/r_sci_uart.o
                0x000018ec                sci_uart_rxi_isr
 .text.sci_uart_tei_isr
                0x0000197c       0x48 ./ra/fsp/src/r_sci_uart/r_sci_uart.o
                0x0000197c                sci_uart_tei_isr
 .text.sci_uart_eri_isr
                0x000019c4       0x78 ./ra/fsp/src/r_sci_uart/r_sci_uart.o
                0x000019c4                sci_uart_eri_isr
 .text.R_IOPORT_PinRead
                0x00001a3c       0x24 ./ra/fsp/src/r_ioport/r_ioport.o
                0x00001a3c                R_IOPORT_PinRead
 .text.R_IOPORT_PinWrite
                0x00001a60       0x20 ./ra/fsp/src/r_ioport/r_ioport.o
                0x00001a60                R_IOPORT_PinWrite
 .text.bsp_vbatt_init
                0x00001a80       0x8c ./ra/fsp/src/r_ioport/r_ioport.o
 .text.r_ioport_pins_config
                0x00001b0c       0xac ./ra/fsp/src/r_ioport/r_ioport.o
 .text.R_IOPORT_Open
                0x00001bb8       0x14 ./ra/fsp/src/r_ioport/r_ioport.o
                0x00001bb8                R_IOPORT_Open
 .text.R_IOPORT_PinCfg
                0x00001bcc       0xa8 ./ra/fsp/src/r_ioport/r_ioport.o
                0x00001bcc                R_IOPORT_PinCfg
 .text.r_gpt_call_callback
                0x00001c74       0x3c ./ra/fsp/src/r_gpt/r_gpt.o
 .text.gpt_counter_overflow_isr
                0x00001cb0       0x9c ./ra/fsp/src/r_gpt/r_gpt.o
                0x00001cb0                gpt_counter_overflow_isr
 .text.flash_hp_init
                0x00001d4c      0x110 ./ra/fsp/src/r_flash_hp/r_flash_hp.o
 .text.r_flash_hp_call_callback
                0x00001e5c       0x3c ./ra/fsp/src/r_flash_hp/r_flash_hp.o
 .text.flash_hp_pe_mode_exit
                0x00001e98       0x84 ./ra/fsp/src/r_flash_hp/r_flash_hp.o
 .text.flash_hp_write_data.constprop.0
                0x00001f1c       0xc8 ./ra/fsp/src/r_flash_hp/r_flash_hp.o
 .text.R_FLASH_HP_Open
                0x00001fe4       0xec ./ra/fsp/src/r_flash_hp/r_flash_hp.o
                0x00001fe4                R_FLASH_HP_Open
 .text.flash_hp_enter_pe_df_mode
                0x000020d0       0xcc ./ra/fsp/src/r_flash_hp/r_flash_hp.o
 .text.flash_hp_reset
                0x0000219c      0x124 ./ra/fsp/src/r_flash_hp/r_flash_hp.o
 .text.R_FLASH_HP_Erase
                0x000022c0      0x124 ./ra/fsp/src/r_flash_hp/r_flash_hp.o
                0x000022c0                R_FLASH_HP_Erase
 .text.R_FLASH_HP_Write
                0x000023e4       0xcc ./ra/fsp/src/r_flash_hp/r_flash_hp.o
                0x000023e4                R_FLASH_HP_Write
 .text.fcu_fiferr_isr
                0x000024b0       0x70 ./ra/fsp/src/r_flash_hp/r_flash_hp.o
                0x000024b0                fcu_fiferr_isr
 .text.fcu_frdyi_isr
                0x00002520       0xa4 ./ra/fsp/src/r_flash_hp/r_flash_hp.o
                0x00002520                fcu_frdyi_isr
 .text.SystemCoreClockUpdate
                0x000025c4       0x28 ./ra/fsp/src/bsp/mcu/all/bsp_clocks.o
                0x000025c4                SystemCoreClockUpdate
 .text.R_BSP_SubClockStabilizeWaitAfterReset
                0x000025ec        0x4 ./ra/fsp/src/bsp/mcu/all/bsp_clocks.o
                0x000025ec                R_BSP_SubClockStabilizeWaitAfterReset
 .text.bsp_clock_init
                0x000025f0      0x13c ./ra/fsp/src/bsp/mcu/all/bsp_clocks.o
                0x000025f0                bsp_clock_init
 .text.R_BSP_Init_RTC
                0x0000272c       0x7c ./ra/fsp/src/bsp/mcu/all/bsp_clocks.o
                0x0000272c                R_BSP_Init_RTC
 .text.bsp_init_internal
                0x000027a8        0x4 ./ra/fsp/src/bsp/mcu/all/bsp_common.o
                0x000027a8                bsp_init_internal
                0x000027a8                bsp_init
 .text.__assert_func
                0x000027ac        0x4 ./ra/fsp/src/bsp/mcu/all/bsp_common.o
                0x000027ac                __assert_func
 .text.bsp_prv_software_delay_loop
                0x000027b0        0xc ./ra/fsp/src/bsp/mcu/all/bsp_delay.o
                0x000027b0                bsp_prv_software_delay_loop
 .text.R_BSP_SoftwareDelay
                0x000027bc       0x8c ./ra/fsp/src/bsp/mcu/all/bsp_delay.o
                0x000027bc                R_BSP_SoftwareDelay
 .text.NMI_Handler
                0x00002848       0x3c ./ra/fsp/src/bsp/mcu/all/bsp_group_irq.o
                0x00002848                NMI_Handler
 .text.bsp_irq_cfg
                0x00002884       0x94 ./ra/fsp/src/bsp/mcu/all/bsp_irq.o
                0x00002884                bsp_irq_cfg
 .text.R_BSP_RegisterProtectEnable
                0x00002918       0x60 ./ra/fsp/src/bsp/mcu/all/bsp_register_protection.o
                0x00002918                R_BSP_RegisterProtectEnable
 .text.R_BSP_RegisterProtectDisable
                0x00002978       0x54 ./ra/fsp/src/bsp/mcu/all/bsp_register_protection.o
                0x00002978                R_BSP_RegisterProtectDisable
 .text._sbrk    0x000029cc       0x38 ./ra/fsp/src/bsp/mcu/all/bsp_sbrk.o
                0x000029cc                _sbrk
 .text.Default_Handler
                0x00002a04        0x4 ./ra/fsp/src/bsp/cmsis/Device/RENESAS/Source/startup.o
                0x00002a04                DebugMon_Handler
                0x00002a04                HardFault_Handler
                0x00002a04                SysTick_Handler
                0x00002a04                PendSV_Handler
                0x00002a04                UsageFault_Handler
                0x00002a04                SecureFault_Handler
                0x00002a04                Default_Handler
                0x00002a04                MemManage_Handler
                0x00002a04                SVC_Handler
                0x00002a04                BusFault_Handler
 .text.Reset_Handler
                0x00002a08        0xc ./ra/fsp/src/bsp/cmsis/Device/RENESAS/Source/startup.o
                0x00002a08                Reset_Handler
 .text.SystemRuntimeInit
                0x00002a14       0x64 ./ra/fsp/src/bsp/cmsis/Device/RENESAS/Source/system.o
 .text.SystemInit
                0x00002a78       0xc0 ./ra/fsp/src/bsp/cmsis/Device/RENESAS/Source/system.o
                0x00002a78                SystemInit
 .text          0x00002b38      0x378 D:/Renesas/RA/toolchains/gcc_arm/13.2.rel1/bin/../lib/gcc/arm-none-eabi/13.2.1/thumb/v8-m.main+fp/hard\libgcc.a(_arm_addsubdf3.o)
                0x00002b38                __aeabi_drsub
                0x00002b40                __aeabi_dsub
                0x00002b40                __subdf3
                0x00002b44                __aeabi_dadd
                0x00002b44                __adddf3
                0x00002dbc                __floatunsidf
                0x00002dbc                __aeabi_ui2d
                0x00002ddc                __floatsidf
                0x00002ddc                __aeabi_i2d
                0x00002e00                __aeabi_f2d
                0x00002e00                __extendsfdf2
                0x00002e44                __floatundidf
                0x00002e44                __aeabi_ul2d
                0x00002e54                __floatdidf
                0x00002e54                __aeabi_l2d
 .text          0x00002eb0      0x21c D:/Renesas/RA/toolchains/gcc_arm/13.2.rel1/bin/../lib/gcc/arm-none-eabi/13.2.1/thumb/v8-m.main+fp/hard\libgcc.a(_arm_addsubsf3.o)
                0x00002eb0                __aeabi_frsub
                0x00002eb8                __subsf3
                0x00002eb8                __aeabi_fsub
                0x00002ebc                __aeabi_fadd
                0x00002ebc                __addsf3
                0x0000301c                __aeabi_ui2f
                0x0000301c                __floatunsisf
                0x00003024                __aeabi_i2f
                0x00003024                __floatsisf
                0x00003040                __aeabi_ul2f
                0x00003040                __floatundisf
                0x00003050                __aeabi_l2f
                0x00003050                __floatdisf
 .text.__cvt    0x000030cc       0xca D:/Renesas/RA/toolchains/gcc_arm/13.2.rel1/bin/../lib/gcc/arm-none-eabi/13.2.1/thumb/v8-m.main+fp/hard\libg_nano.a(libc_a-nano-vfprintf_float.o)
                0x000030cc                __cvt
 .text.__exponent
                0x00003196       0x72 D:/Renesas/RA/toolchains/gcc_arm/13.2.rel1/bin/../lib/gcc/arm-none-eabi/13.2.1/thumb/v8-m.main+fp/hard\libg_nano.a(libc_a-nano-vfprintf_float.o)
                0x00003196                __exponent
 .text._printf_float
                0x00003208      0x454 D:/Renesas/RA/toolchains/gcc_arm/13.2.rel1/bin/../lib/gcc/arm-none-eabi/13.2.1/thumb/v8-m.main+fp/hard\libg_nano.a(libc_a-nano-vfprintf_float.o)
                0x00003208                _printf_float
 .text._printf_common
                0x0000365c       0xe4 D:/Renesas/RA/toolchains/gcc_arm/13.2.rel1/bin/../lib/gcc/arm-none-eabi/13.2.1/thumb/v8-m.main+fp/hard\libg_nano.a(libc_a-nano-vfprintf_i.o)
                0x0000365c                _printf_common
 .text._printf_i
                0x00003740      0x23c D:/Renesas/RA/toolchains/gcc_arm/13.2.rel1/bin/../lib/gcc/arm-none-eabi/13.2.1/thumb/v8-m.main+fp/hard\libg_nano.a(libc_a-nano-vfprintf_i.o)
                0x00003740                _printf_i
 .text.std      0x0000397c       0x6c D:/Renesas/RA/toolchains/gcc_arm/13.2.rel1/bin/../lib/gcc/arm-none-eabi/13.2.1/thumb/v8-m.main+fp/hard\libg_nano.a(libc_a-findfp.o)
 .text.stdio_exit_handler
                0x000039e8       0x18 D:/Renesas/RA/toolchains/gcc_arm/13.2.rel1/bin/../lib/gcc/arm-none-eabi/13.2.1/thumb/v8-m.main+fp/hard\libg_nano.a(libc_a-findfp.o)
 .text.cleanup_stdio
                0x00003a00       0x40 D:/Renesas/RA/toolchains/gcc_arm/13.2.rel1/bin/../lib/gcc/arm-none-eabi/13.2.1/thumb/v8-m.main+fp/hard\libg_nano.a(libc_a-findfp.o)
 .text.global_stdio_init.part.0
                0x00003a40       0x3c D:/Renesas/RA/toolchains/gcc_arm/13.2.rel1/bin/../lib/gcc/arm-none-eabi/13.2.1/thumb/v8-m.main+fp/hard\libg_nano.a(libc_a-findfp.o)
 .text.__sfp_lock_acquire
                0x00003a7c        0xc D:/Renesas/RA/toolchains/gcc_arm/13.2.rel1/bin/../lib/gcc/arm-none-eabi/13.2.1/thumb/v8-m.main+fp/hard\libg_nano.a(libc_a-findfp.o)
                0x00003a7c                __sfp_lock_acquire
 .text.__sfp_lock_release
                0x00003a88        0xc D:/Renesas/RA/toolchains/gcc_arm/13.2.rel1/bin/../lib/gcc/arm-none-eabi/13.2.1/thumb/v8-m.main+fp/hard\libg_nano.a(libc_a-findfp.o)
                0x00003a88                __sfp_lock_release
 .text.__sinit  0x00003a94       0x30 D:/Renesas/RA/toolchains/gcc_arm/13.2.rel1/bin/../lib/gcc/arm-none-eabi/13.2.1/thumb/v8-m.main+fp/hard\libg_nano.a(libc_a-findfp.o)
                0x00003a94                __sinit
 .text._fwalk_sglue
                0x00003ac4       0x3c D:/Renesas/RA/toolchains/gcc_arm/13.2.rel1/bin/../lib/gcc/arm-none-eabi/13.2.1/thumb/v8-m.main+fp/hard\libg_nano.a(libc_a-fwalk.o)
                0x00003ac4                _fwalk_sglue
 .text.printf   0x00003b00       0x24 D:/Renesas/RA/toolchains/gcc_arm/13.2.rel1/bin/../lib/gcc/arm-none-eabi/13.2.1/thumb/v8-m.main+fp/hard\libg_nano.a(libc_a-printf.o)
                0x00003b00                iprintf
                0x00003b00                printf
 .text._puts_r  0x00003b24       0xaa D:/Renesas/RA/toolchains/gcc_arm/13.2.rel1/bin/../lib/gcc/arm-none-eabi/13.2.1/thumb/v8-m.main+fp/hard\libg_nano.a(libc_a-puts.o)
                0x00003b24                _puts_r
 *fill*         0x00003bce        0x2 
 .text.puts     0x00003bd0       0x10 D:/Renesas/RA/toolchains/gcc_arm/13.2.rel1/bin/../lib/gcc/arm-none-eabi/13.2.1/thumb/v8-m.main+fp/hard\libg_nano.a(libc_a-puts.o)
                0x00003bd0                puts
 .text.__sread  0x00003be0       0x22 D:/Renesas/RA/toolchains/gcc_arm/13.2.rel1/bin/../lib/gcc/arm-none-eabi/13.2.1/thumb/v8-m.main+fp/hard\libg_nano.a(libc_a-stdio.o)
                0x00003be0                __sread
 .text.__swrite
                0x00003c02       0x38 D:/Renesas/RA/toolchains/gcc_arm/13.2.rel1/bin/../lib/gcc/arm-none-eabi/13.2.1/thumb/v8-m.main+fp/hard\libg_nano.a(libc_a-stdio.o)
                0x00003c02                __swrite
 .text.__sseek  0x00003c3a       0x24 D:/Renesas/RA/toolchains/gcc_arm/13.2.rel1/bin/../lib/gcc/arm-none-eabi/13.2.1/thumb/v8-m.main+fp/hard\libg_nano.a(libc_a-stdio.o)
                0x00003c3a                __sseek
 .text.__sclose
                0x00003c5e        0x8 D:/Renesas/RA/toolchains/gcc_arm/13.2.rel1/bin/../lib/gcc/arm-none-eabi/13.2.1/thumb/v8-m.main+fp/hard\libg_nano.a(libc_a-stdio.o)
                0x00003c5e                __sclose
 .text.__swbuf_r
                0x00003c66       0x7c D:/Renesas/RA/toolchains/gcc_arm/13.2.rel1/bin/../lib/gcc/arm-none-eabi/13.2.1/thumb/v8-m.main+fp/hard\libg_nano.a(libc_a-wbuf.o)
                0x00003c66                __swbuf_r
 *fill*         0x00003ce2        0x2 
 .text.__swsetup_r
                0x00003ce4       0xac D:/Renesas/RA/toolchains/gcc_arm/13.2.rel1/bin/../lib/gcc/arm-none-eabi/13.2.1/thumb/v8-m.main+fp/hard\libg_nano.a(libc_a-wsetup.o)
                0x00003ce4                __swsetup_r
 .text.memset   0x00003d90       0x10 D:/Renesas/RA/toolchains/gcc_arm/13.2.rel1/bin/../lib/gcc/arm-none-eabi/13.2.1/thumb/v8-m.main+fp/hard\libg_nano.a(libc_a-memset.o)
                0x00003d90                memset
 .text._localeconv_r
                0x00003da0        0x8 D:/Renesas/RA/toolchains/gcc_arm/13.2.rel1/bin/../lib/gcc/arm-none-eabi/13.2.1/thumb/v8-m.main+fp/hard\libg_nano.a(libc_a-localeconv.o)
                0x00003da0                _localeconv_r
 .text._close_r
                0x00003da8       0x20 D:/Renesas/RA/toolchains/gcc_arm/13.2.rel1/bin/../lib/gcc/arm-none-eabi/13.2.1/thumb/v8-m.main+fp/hard\libg_nano.a(libc_a-closer.o)
                0x00003da8                _close_r
 .text._lseek_r
                0x00003dc8       0x24 D:/Renesas/RA/toolchains/gcc_arm/13.2.rel1/bin/../lib/gcc/arm-none-eabi/13.2.1/thumb/v8-m.main+fp/hard\libg_nano.a(libc_a-lseekr.o)
                0x00003dc8                _lseek_r
 .text._read_r  0x00003dec       0x24 D:/Renesas/RA/toolchains/gcc_arm/13.2.rel1/bin/../lib/gcc/arm-none-eabi/13.2.1/thumb/v8-m.main+fp/hard\libg_nano.a(libc_a-readr.o)
                0x00003dec                _read_r
 .text._write_r
                0x00003e10       0x24 D:/Renesas/RA/toolchains/gcc_arm/13.2.rel1/bin/../lib/gcc/arm-none-eabi/13.2.1/thumb/v8-m.main+fp/hard\libg_nano.a(libc_a-writer.o)
                0x00003e10                _write_r
 .text.__errno  0x00003e34        0xc D:/Renesas/RA/toolchains/gcc_arm/13.2.rel1/bin/../lib/gcc/arm-none-eabi/13.2.1/thumb/v8-m.main+fp/hard\libg_nano.a(libc_a-errno.o)
                0x00003e34                __errno
 .text.__retarget_lock_init_recursive
                0x00003e40        0x2 D:/Renesas/RA/toolchains/gcc_arm/13.2.rel1/bin/../lib/gcc/arm-none-eabi/13.2.1/thumb/v8-m.main+fp/hard\libg_nano.a(libc_a-lock.o)
                0x00003e40                __retarget_lock_init_recursive
 .text.__retarget_lock_acquire_recursive
                0x00003e42        0x2 D:/Renesas/RA/toolchains/gcc_arm/13.2.rel1/bin/../lib/gcc/arm-none-eabi/13.2.1/thumb/v8-m.main+fp/hard\libg_nano.a(libc_a-lock.o)
                0x00003e42                __retarget_lock_acquire_recursive
 .text.__retarget_lock_release_recursive
                0x00003e44        0x2 D:/Renesas/RA/toolchains/gcc_arm/13.2.rel1/bin/../lib/gcc/arm-none-eabi/13.2.1/thumb/v8-m.main+fp/hard\libg_nano.a(libc_a-lock.o)
                0x00003e44                __retarget_lock_release_recursive
 .text.memchr   0x00003e46       0x1c D:/Renesas/RA/toolchains/gcc_arm/13.2.rel1/bin/../lib/gcc/arm-none-eabi/13.2.1/thumb/v8-m.main+fp/hard\libg_nano.a(libc_a-memchr-stub.o)
                0x00003e46                memchr
 .text.memcpy   0x00003e62       0x1a D:/Renesas/RA/toolchains/gcc_arm/13.2.rel1/bin/../lib/gcc/arm-none-eabi/13.2.1/thumb/v8-m.main+fp/hard\libg_nano.a(libc_a-memcpy-stub.o)
                0x00003e62                memcpy
 .text          0x00003e7c       0x10 D:/Renesas/RA/toolchains/gcc_arm/13.2.rel1/bin/../lib/gcc/arm-none-eabi/13.2.1/thumb/v8-m.main+fp/hard\libg_nano.a(libc_a-strlen.o)
                0x00003e7c                strlen
 .text.quorem   0x00003e8c      0x11a D:/Renesas/RA/toolchains/gcc_arm/13.2.rel1/bin/../lib/gcc/arm-none-eabi/13.2.1/thumb/v8-m.main+fp/hard\libg_nano.a(libc_a-dtoa.o)
 *fill*         0x00003fa6        0x2 
 .text._dtoa_r  0x00003fa8      0xb7c D:/Renesas/RA/toolchains/gcc_arm/13.2.rel1/bin/../lib/gcc/arm-none-eabi/13.2.1/thumb/v8-m.main+fp/hard\libg_nano.a(libc_a-dtoa.o)
                0x00003fa8                _dtoa_r
 .text._free_r  0x00004b24       0x94 D:/Renesas/RA/toolchains/gcc_arm/13.2.rel1/bin/../lib/gcc/arm-none-eabi/13.2.1/thumb/v8-m.main+fp/hard\libg_nano.a(libc_a-freer.o)
                0x00004b24                _free_r
 .text.malloc   0x00004bb8       0x10 D:/Renesas/RA/toolchains/gcc_arm/13.2.rel1/bin/../lib/gcc/arm-none-eabi/13.2.1/thumb/v8-m.main+fp/hard\libg_nano.a(libc_a-malloc.o)
                0x00004bb8                malloc
 .text.sbrk_aligned
                0x00004bc8       0x44 D:/Renesas/RA/toolchains/gcc_arm/13.2.rel1/bin/../lib/gcc/arm-none-eabi/13.2.1/thumb/v8-m.main+fp/hard\libg_nano.a(libc_a-mallocr.o)
 .text._malloc_r
                0x00004c0c      0x100 D:/Renesas/RA/toolchains/gcc_arm/13.2.rel1/bin/../lib/gcc/arm-none-eabi/13.2.1/thumb/v8-m.main+fp/hard\libg_nano.a(libc_a-mallocr.o)
                0x00004c0c                _malloc_r
 .text.__malloc_lock
                0x00004d0c        0xc D:/Renesas/RA/toolchains/gcc_arm/13.2.rel1/bin/../lib/gcc/arm-none-eabi/13.2.1/thumb/v8-m.main+fp/hard\libg_nano.a(libc_a-mlock.o)
                0x00004d0c                __malloc_lock
 .text.__malloc_unlock
                0x00004d18        0xc D:/Renesas/RA/toolchains/gcc_arm/13.2.rel1/bin/../lib/gcc/arm-none-eabi/13.2.1/thumb/v8-m.main+fp/hard\libg_nano.a(libc_a-mlock.o)
                0x00004d18                __malloc_unlock
 .text._Balloc  0x00004d24       0x80 D:/Renesas/RA/toolchains/gcc_arm/13.2.rel1/bin/../lib/gcc/arm-none-eabi/13.2.1/thumb/v8-m.main+fp/hard\libg_nano.a(libc_a-mprec.o)
                0x00004d24                _Balloc
 .text._Bfree   0x00004da4       0x44 D:/Renesas/RA/toolchains/gcc_arm/13.2.rel1/bin/../lib/gcc/arm-none-eabi/13.2.1/thumb/v8-m.main+fp/hard\libg_nano.a(libc_a-mprec.o)
                0x00004da4                _Bfree
 .text.__multadd
                0x00004de8       0x90 D:/Renesas/RA/toolchains/gcc_arm/13.2.rel1/bin/../lib/gcc/arm-none-eabi/13.2.1/thumb/v8-m.main+fp/hard\libg_nano.a(libc_a-mprec.o)
                0x00004de8                __multadd
 .text.__hi0bits
                0x00004e78       0x3e D:/Renesas/RA/toolchains/gcc_arm/13.2.rel1/bin/../lib/gcc/arm-none-eabi/13.2.1/thumb/v8-m.main+fp/hard\libg_nano.a(libc_a-mprec.o)
                0x00004e78                __hi0bits
 .text.__lo0bits
                0x00004eb6       0x5a D:/Renesas/RA/toolchains/gcc_arm/13.2.rel1/bin/../lib/gcc/arm-none-eabi/13.2.1/thumb/v8-m.main+fp/hard\libg_nano.a(libc_a-mprec.o)
                0x00004eb6                __lo0bits
 .text.__i2b    0x00004f10       0x2c D:/Renesas/RA/toolchains/gcc_arm/13.2.rel1/bin/../lib/gcc/arm-none-eabi/13.2.1/thumb/v8-m.main+fp/hard\libg_nano.a(libc_a-mprec.o)
                0x00004f10                __i2b
 .text.__multiply
                0x00004f3c      0x148 D:/Renesas/RA/toolchains/gcc_arm/13.2.rel1/bin/../lib/gcc/arm-none-eabi/13.2.1/thumb/v8-m.main+fp/hard\libg_nano.a(libc_a-mprec.o)
                0x00004f3c                __multiply
 .text.__pow5mult
                0x00005084       0xb4 D:/Renesas/RA/toolchains/gcc_arm/13.2.rel1/bin/../lib/gcc/arm-none-eabi/13.2.1/thumb/v8-m.main+fp/hard\libg_nano.a(libc_a-mprec.o)
                0x00005084                __pow5mult
 .text.__lshift
                0x00005138       0xd8 D:/Renesas/RA/toolchains/gcc_arm/13.2.rel1/bin/../lib/gcc/arm-none-eabi/13.2.1/thumb/v8-m.main+fp/hard\libg_nano.a(libc_a-mprec.o)
                0x00005138                __lshift
 .text.__mcmp   0x00005210       0x36 D:/Renesas/RA/toolchains/gcc_arm/13.2.rel1/bin/../lib/gcc/arm-none-eabi/13.2.1/thumb/v8-m.main+fp/hard\libg_nano.a(libc_a-mprec.o)
                0x00005210                __mcmp
 *fill*         0x00005246        0x2 
 .text.__mdiff  0x00005248      0x130 D:/Renesas/RA/toolchains/gcc_arm/13.2.rel1/bin/../lib/gcc/arm-none-eabi/13.2.1/thumb/v8-m.main+fp/hard\libg_nano.a(libc_a-mprec.o)
                0x00005248                __mdiff
 .text.__d2b    0x00005378       0xb0 D:/Renesas/RA/toolchains/gcc_arm/13.2.rel1/bin/../lib/gcc/arm-none-eabi/13.2.1/thumb/v8-m.main+fp/hard\libg_nano.a(libc_a-mprec.o)
                0x00005378                __d2b
 .text.__sfputc_r
                0x00005428       0x2e D:/Renesas/RA/toolchains/gcc_arm/13.2.rel1/bin/../lib/gcc/arm-none-eabi/13.2.1/thumb/v8-m.main+fp/hard\libg_nano.a(libc_a-nano-vfprintf.o)
 .text.__sfputs_r
                0x00005456       0x24 D:/Renesas/RA/toolchains/gcc_arm/13.2.rel1/bin/../lib/gcc/arm-none-eabi/13.2.1/thumb/v8-m.main+fp/hard\libg_nano.a(libc_a-nano-vfprintf.o)
                0x00005456                __sfputs_r
 *fill*         0x0000547a        0x2 
 .text._vfprintf_r
                0x0000547c      0x230 D:/Renesas/RA/toolchains/gcc_arm/13.2.rel1/bin/../lib/gcc/arm-none-eabi/13.2.1/thumb/v8-m.main+fp/hard\libg_nano.a(libc_a-nano-vfprintf.o)
                0x0000547c                _vfprintf_r
                0x0000547c                _vfiprintf_r
 .text.__sflush_r
                0x000056ac      0x108 D:/Renesas/RA/toolchains/gcc_arm/13.2.rel1/bin/../lib/gcc/arm-none-eabi/13.2.1/thumb/v8-m.main+fp/hard\libg_nano.a(libc_a-fflush.o)
                0x000056ac                __sflush_r
 .text._fflush_r
                0x000057b4       0x50 D:/Renesas/RA/toolchains/gcc_arm/13.2.rel1/bin/../lib/gcc/arm-none-eabi/13.2.1/thumb/v8-m.main+fp/hard\libg_nano.a(libc_a-fflush.o)
                0x000057b4                _fflush_r
 .text.__swhatbuf_r
                0x00005804       0x4a D:/Renesas/RA/toolchains/gcc_arm/13.2.rel1/bin/../lib/gcc/arm-none-eabi/13.2.1/thumb/v8-m.main+fp/hard\libg_nano.a(libc_a-makebuf.o)
                0x00005804                __swhatbuf_r
 .text.__smakebuf_r
                0x0000584e       0x78 D:/Renesas/RA/toolchains/gcc_arm/13.2.rel1/bin/../lib/gcc/arm-none-eabi/13.2.1/thumb/v8-m.main+fp/hard\libg_nano.a(libc_a-makebuf.o)
                0x0000584e                __smakebuf_r
 *fill*         0x000058c6        0x2 
 .text._fstat_r
                0x000058c8       0x24 D:/Renesas/RA/toolchains/gcc_arm/13.2.rel1/bin/../lib/gcc/arm-none-eabi/13.2.1/thumb/v8-m.main+fp/hard\libg_nano.a(libc_a-fstatr.o)
                0x000058c8                _fstat_r
 .text._isatty_r
                0x000058ec       0x20 D:/Renesas/RA/toolchains/gcc_arm/13.2.rel1/bin/../lib/gcc/arm-none-eabi/13.2.1/thumb/v8-m.main+fp/hard\libg_nano.a(libc_a-isattyr.o)
                0x000058ec                _isatty_r
 .text._sbrk_r  0x0000590c       0x20 D:/Renesas/RA/toolchains/gcc_arm/13.2.rel1/bin/../lib/gcc/arm-none-eabi/13.2.1/thumb/v8-m.main+fp/hard\libg_nano.a(libc_a-sbrkr.o)
                0x0000590c                _sbrk_r
 .text._calloc_r
                0x0000592c       0x28 D:/Renesas/RA/toolchains/gcc_arm/13.2.rel1/bin/../lib/gcc/arm-none-eabi/13.2.1/thumb/v8-m.main+fp/hard\libg_nano.a(libc_a-callocr.o)
                0x0000592c                _calloc_r
 .text.__ascii_mbtowc
                0x00005954       0x24 D:/Renesas/RA/toolchains/gcc_arm/13.2.rel1/bin/../lib/gcc/arm-none-eabi/13.2.1/thumb/v8-m.main+fp/hard\libg_nano.a(libc_a-mbtowc_r.o)
                0x00005954                __ascii_mbtowc
 .text.__ascii_wctomb
                0x00005978       0x1a D:/Renesas/RA/toolchains/gcc_arm/13.2.rel1/bin/../lib/gcc/arm-none-eabi/13.2.1/thumb/v8-m.main+fp/hard\libg_nano.a(libc_a-wctomb_r.o)
                0x00005978                __ascii_wctomb
 *fill*         0x00005992        0x2 
 .text          0x00005994      0x424 D:/Renesas/RA/toolchains/gcc_arm/13.2.rel1/bin/../lib/gcc/arm-none-eabi/13.2.1/thumb/v8-m.main+fp/hard\libgcc.a(_arm_muldivdf3.o)
                0x00005994                __aeabi_dmul
                0x00005994                __muldf3
                0x00005be8                __divdf3
                0x00005be8                __aeabi_ddiv
 .text          0x00005db8      0x110 D:/Renesas/RA/toolchains/gcc_arm/13.2.rel1/bin/../lib/gcc/arm-none-eabi/13.2.1/thumb/v8-m.main+fp/hard\libgcc.a(_arm_cmpdf2.o)
                0x00005db8                __gtdf2
                0x00005db8                __gedf2
                0x00005dc0                __ltdf2
                0x00005dc0                __ledf2
                0x00005dc8                __nedf2
                0x00005dc8                __eqdf2
                0x00005dc8                __cmpdf2
                0x00005e44                __aeabi_cdrcmple
                0x00005e54                __aeabi_cdcmpeq
                0x00005e54                __aeabi_cdcmple
                0x00005e64                __aeabi_dcmpeq
                0x00005e78                __aeabi_dcmplt
                0x00005e8c                __aeabi_dcmple
                0x00005ea0                __aeabi_dcmpge
                0x00005eb4                __aeabi_dcmpgt
 .text          0x00005ec8       0x2c D:/Renesas/RA/toolchains/gcc_arm/13.2.rel1/bin/../lib/gcc/arm-none-eabi/13.2.1/thumb/v8-m.main+fp/hard\libgcc.a(_arm_unorddf2.o)
                0x00005ec8                __unorddf2
                0x00005ec8                __aeabi_dcmpun
 .text          0x00005ef4       0x50 D:/Renesas/RA/toolchains/gcc_arm/13.2.rel1/bin/../lib/gcc/arm-none-eabi/13.2.1/thumb/v8-m.main+fp/hard\libgcc.a(_arm_fixdfsi.o)
                0x00005ef4                __aeabi_d2iz
                0x00005ef4                __fixdfsi
 *(.rodata*)
 .rodata.HX711_Read.str1.4
                0x00005f44       0xe7 ./src/weight/hx711.o
                                 0x36 (size before relaxing)
 .rodata.UART0_Init.str1.4
                0x0000602b       0x12 ./src/uart/uart.o
 .rodata.UART1_Init.str1.4
                0x0000602b       0x12 ./src/uart/uart.o
 *fill*         0x0000602b        0x1 
 .rodata.asc2_2412
                0x0000602c      0xd5c ./src/oled/oled.o
                0x0000602c                asc2_2412
 .rodata.asc2_1608
                0x00006d88      0x5f0 ./src/oled/oled.o
                0x00006d88                asc2_1608
 .rodata.asc2_1206
                0x00007378      0x474 ./src/oled/oled.o
                0x00007378                asc2_1206
 .rodata.asc2_0806
                0x000077ec      0x228 ./src/oled/oled.o
                0x000077ec                asc2_0806
 .rodata.FLASH_Init.part.0.str1.4
                0x00007a14       0x29 ./src/flash/flash.o
 .rodata.__func__.0
                0x00007a14        0xc ./src/flash/flash.o
 .rodata.__func__.1
                0x00007a20        0xc ./src/flash/flash.o
 .rodata.__func__.2
                0x00007a2c        0xb ./src/flash/flash.o
 .rodata.app_main.str1.4
                0x00007a37       0x5b ./src/app/app.o
 *fill*         0x00007a37        0x1 
 .rodata.number
                0x00007a38        0xa ./src/LED/TM1650.o
                0x00007a38                number
 *fill*         0x00007a42        0x2 
 .rodata.g_uart0_cfg
                0x00007a44       0x20 ./ra_gen/hal_data.o
                0x00007a44                g_uart0_cfg
 .rodata.g_uart0_cfg_extend
                0x00007a64       0x14 ./ra_gen/hal_data.o
                0x00007a64                g_uart0_cfg_extend
 .rodata.g_uart1_cfg
                0x00007a78       0x20 ./ra_gen/hal_data.o
                0x00007a78                g_uart1_cfg
 .rodata.g_uart1_cfg_extend
                0x00007a98       0x14 ./ra_gen/hal_data.o
                0x00007a98                g_uart1_cfg_extend
 .rodata.g_flash0_cfg
                0x00007aac       0x14 ./ra_gen/hal_data.o
                0x00007aac                g_flash0_cfg
 .rodata.g_bsp_pin_cfg
                0x00007ac0        0xc ./ra_gen/pin_data.o
                0x00007ac0                g_bsp_pin_cfg
 .rodata.g_bsp_pin_cfg_data
                0x00007acc       0x78 ./ra_gen/pin_data.o
                0x00007acc                g_bsp_pin_cfg_data
 .rodata.g_interrupt_event_link_select
                0x00007b44       0x16 ./ra_gen/vector_data.o
                0x00007b44                g_interrupt_event_link_select
 *fill*         0x00007b5a        0x2 
 .rodata.g_vbatt_pins_input
                0x00007b5c        0x6 ./ra/fsp/src/r_ioport/r_ioport.o
 *fill*         0x00007b62        0x2 
 .rodata.g_init_info
                0x00007b64       0x18 ./ra/fsp/src/bsp/mcu/ra6e2/bsp_linker.o
                0x00007b64                g_init_info
 .rodata.nocache_list
                0x00007b7c        0x8 ./ra/fsp/src/bsp/mcu/ra6e2/bsp_linker.o
 .rodata.copy_list
                0x00007b84       0x30 ./ra/fsp/src/bsp/mcu/ra6e2/bsp_linker.o
 .rodata.zero_list
                0x00007bb4       0x18 ./ra/fsp/src/bsp/mcu/ra6e2/bsp_linker.o
 .rodata.g_prcr_masks
                0x00007bcc        0xa ./ra/fsp/src/bsp/mcu/all/bsp_register_protection.o
 .rodata._printf_float.str1.1
                0x00007bd6      0x137 D:/Renesas/RA/toolchains/gcc_arm/13.2.rel1/bin/../lib/gcc/arm-none-eabi/13.2.1/thumb/v8-m.main+fp/hard\libg_nano.a(libc_a-nano-vfprintf_float.o)
                                 0x12 (size before relaxing)
 .rodata._printf_i.str1.1
                0x00007d0d       0x22 D:/Renesas/RA/toolchains/gcc_arm/13.2.rel1/bin/../lib/gcc/arm-none-eabi/13.2.1/thumb/v8-m.main+fp/hard\libg_nano.a(libc_a-nano-vfprintf_i.o)
 .rodata._dtoa_r.str1.1
                0x00007d0d       0x90 D:/Renesas/RA/toolchains/gcc_arm/13.2.rel1/bin/../lib/gcc/arm-none-eabi/13.2.1/thumb/v8-m.main+fp/hard\libg_nano.a(libc_a-dtoa.o)
 .rodata._Balloc.str1.1
                0x00007d0d       0x71 D:/Renesas/RA/toolchains/gcc_arm/13.2.rel1/bin/../lib/gcc/arm-none-eabi/13.2.1/thumb/v8-m.main+fp/hard\libg_nano.a(libc_a-mprec.o)
 .rodata.__multadd.str1.1
                0x00007d0d       0x11 D:/Renesas/RA/toolchains/gcc_arm/13.2.rel1/bin/../lib/gcc/arm-none-eabi/13.2.1/thumb/v8-m.main+fp/hard\libg_nano.a(libc_a-mprec.o)
 *fill*         0x00007d0d        0x3 
 .rodata.p05.0  0x00007d10        0xc D:/Renesas/RA/toolchains/gcc_arm/13.2.rel1/bin/../lib/gcc/arm-none-eabi/13.2.1/thumb/v8-m.main+fp/hard\libg_nano.a(libc_a-mprec.o)
 *fill*         0x00007d1c        0x4 
 .rodata.__mprec_bigtens
                0x00007d20       0x28 D:/Renesas/RA/toolchains/gcc_arm/13.2.rel1/bin/../lib/gcc/arm-none-eabi/13.2.1/thumb/v8-m.main+fp/hard\libg_nano.a(libc_a-mprec.o)
                0x00007d20                __mprec_bigtens
 .rodata.__mprec_tens
                0x00007d48       0xc8 D:/Renesas/RA/toolchains/gcc_arm/13.2.rel1/bin/../lib/gcc/arm-none-eabi/13.2.1/thumb/v8-m.main+fp/hard\libg_nano.a(libc_a-mprec.o)
                0x00007d48                __mprec_tens
 .rodata._vfprintf_r.str1.1
                0x00007e10       0x11 D:/Renesas/RA/toolchains/gcc_arm/13.2.rel1/bin/../lib/gcc/arm-none-eabi/13.2.1/thumb/v8-m.main+fp/hard\libg_nano.a(libc_a-nano-vfprintf.o)
 .rodata._setlocale_r.str1.1
                0x00007e10        0x9 D:/Renesas/RA/toolchains/gcc_arm/13.2.rel1/bin/../lib/gcc/arm-none-eabi/13.2.1/thumb/v8-m.main+fp/hard\libg_nano.a(libc_a-locale.o)
 .rodata.str1.1
                0x00007e10        0x2 D:/Renesas/RA/toolchains/gcc_arm/13.2.rel1/bin/../lib/gcc/arm-none-eabi/13.2.1/thumb/v8-m.main+fp/hard\libg_nano.a(libc_a-locale.o)
 .rodata._ctype_
                0x00007e10      0x101 D:/Renesas/RA/toolchains/gcc_arm/13.2.rel1/bin/../lib/gcc/arm-none-eabi/13.2.1/thumb/v8-m.main+fp/hard\libg_nano.a(libc_a-ctype_.o)
                0x00007e10                _ctype_
 *(.mcuboot_sce9_key)
 *(.version)
 *fill*         0x00007f11        0x3 
 .version       0x00007f14       0x50 ./ra/fsp/src/bsp/mcu/all/bsp_common.o
                0x00007f64                        __flash_readonly$$Limit = .

.glue_7         0x00007f64        0x0
 .glue_7        0x00007f64        0x0 linker stubs

.glue_7t        0x00007f64        0x0
 .glue_7t       0x00007f64        0x0 linker stubs

.vfp11_veneer   0x00007f64        0x0
 .vfp11_veneer  0x00007f64        0x0 linker stubs

.v4_bx          0x00007f64        0x0
 .v4_bx         0x00007f64        0x0 linker stubs

.init           0x00007f64        0x4
 .init          0x00007f64        0x4 D:/Renesas/RA/toolchains/gcc_arm/13.2.rel1/bin/../lib/gcc/arm-none-eabi/13.2.1/thumb/v8-m.main+fp/hard/crti.o
                0x00007f64                _init

.fini           0x00007f68        0x4
 .fini          0x00007f68        0x4 D:/Renesas/RA/toolchains/gcc_arm/13.2.rel1/bin/../lib/gcc/arm-none-eabi/13.2.1/thumb/v8-m.main+fp/hard/crti.o
                0x00007f68                _fini

.iplt           0x00007f6c        0x0
 .iplt          0x00007f6c        0x0 D:/Renesas/RA/toolchains/gcc_arm/13.2.rel1/bin/../lib/gcc/arm-none-eabi/13.2.1/thumb/v8-m.main+fp/hard/crtbegin.o

__flash_ctor$$
 *crtbegin.o(.ctors)
 *crtbegin?.o(.ctors)
 EXCLUDE_FILE(*crtend.o *crtend?.o) *(.ctors)
 *(SORT_BY_NAME(.ctors.*))
 *(.ctors)
 *crtbegin.o(.dtors)
 *crtbegin?.o(.dtors)
 EXCLUDE_FILE(*crtend.o *crtend?.o) *(.dtors)
 *(SORT_BY_NAME(.dtors.*))
 *(.dtors)

__flash_preinit_array$$
                0x00007f6c        0x0
                0x00007f6c                        __preinit_array_start = .
 *(.preinit_array)
                0x00007f6c                        __preinit_array_end = .

__flash_.got$$
 *(.got.plt)
 *(.got)

__flash_init_array$$
                0x00007f6c        0x4
                0x00007f6c                        __init_array_start = .
 *(SORT_BY_NAME(.init_array.*))
 *(.init_array)
 .init_array    0x00007f6c        0x4 D:/Renesas/RA/toolchains/gcc_arm/13.2.rel1/bin/../lib/gcc/arm-none-eabi/13.2.1/thumb/v8-m.main+fp/hard/crtbegin.o
                0x00007f70                        __init_array_end = .

__flash_fini_array$$
                0x00007f70        0x4
                0x00007f70                        __fini_array_start = .
 *(SORT_BY_NAME(.fini_array.*))
 *(.fini_array)
 .fini_array    0x00007f70        0x4 D:/Renesas/RA/toolchains/gcc_arm/13.2.rel1/bin/../lib/gcc/arm-none-eabi/13.2.1/thumb/v8-m.main+fp/hard/crtbegin.o
                0x00007f74                        __fini_array_end = .

__flash_arm.extab$$
 *(.ARM.extab*)
 *(.gnu.linkonce.armextab.*)

__flash_arm.exidx$$
                0x00007f74        0x8
                0x00007f74                        __exidx_start = .
 *(.ARM.exidx*)
 .ARM.exidx     0x00007f74        0x8 D:/Renesas/RA/toolchains/gcc_arm/13.2.rel1/bin/../lib/gcc/arm-none-eabi/13.2.1/thumb/v8-m.main+fp/hard\libg_nano.a(libc_a-strlen.o)
 *(.gnu.linkonce.armexidx.*)
                0x00007f7c                        __exidx_end = .

.flash.endof    0x00008000        0x0
                0x00008000                        __ddsc_FLASH_END = .

.flash.flat_nsc
                0x00008000        0x0
                0x00008000                        __ddsc_FLASH_NSC = .

.option_setting_ofs0.startof
                0x0100a100        0x0
                0x0100a100                        __ddsc_OPTION_SETTING_OFS0_START = .

__option_setting_ofs0_reg$$
                0x0100a100        0x4
                0x0100a100                        __option_setting_ofs0_reg$$Base = .
 *(.option_setting_ofs0)
 .option_setting_ofs0
                0x0100a100        0x4 ./ra/fsp/src/bsp/mcu/ra6e2/bsp_linker.o
                0x0100a104                        __option_setting_ofs0_reg$$Limit = .

.option_setting_ofs0.endof
                0x0100a104        0x0
                0x0100a104                        __ddsc_OPTION_SETTING_OFS0_END = .

.option_setting_osis.startof
                0x0100a120        0x0
                0x0100a120                        __ddsc_OPTION_SETTING_OSIS_START = .

__option_setting_osis_reg$$
                0x0100a120        0x0
                0x0100a120                        __option_setting_osis_reg$$Base = .
 *(.option_setting_osis)
                0x0100a120                        __option_setting_osis_reg$$Limit = .

.option_setting_osis.endof
                0x0100a120        0x0
                0x0100a120                        __ddsc_OPTION_SETTING_OSIS_END = .

.option_setting_ofs1_sec.startof
                0x0100a200        0x0
                0x0100a200                        __ddsc_OPTION_SETTING_OFS1_SEC_START = .

__option_setting_ofs1_sec_reg$$
                0x0100a200        0x4
                0x0100a200                        __option_setting_ofs1_sec_reg$$Base = .
 *(.option_setting_ofs1_sec)
 .option_setting_ofs1_sec
                0x0100a200        0x4 ./ra/fsp/src/bsp/mcu/ra6e2/bsp_linker.o
                0x0100a204                        __option_setting_ofs1_sec_reg$$Limit = .

.eh_frame       0x0100a204        0x0
 .eh_frame      0x0100a204        0x0 D:/Renesas/RA/toolchains/gcc_arm/13.2.rel1/bin/../lib/gcc/arm-none-eabi/13.2.1/thumb/v8-m.main+fp/hard/crtbegin.o

.rel.dyn        0x0100a204        0x0
 .rel.iplt      0x0100a204        0x0 D:/Renesas/RA/toolchains/gcc_arm/13.2.rel1/bin/../lib/gcc/arm-none-eabi/13.2.1/thumb/v8-m.main+fp/hard/crtbegin.o

.option_setting_ofs1_sec.endof
                0x0100a204        0x0
                0x0100a204                        __ddsc_OPTION_SETTING_OFS1_SEC_END = .

.option_setting_bps_sec.startof
                0x0100a240        0x0
                0x0100a240                        __ddsc_OPTION_SETTING_BPS_SEC_START = .

__option_setting_bps_sec_reg$$
                0x0100a240        0x0
                0x0100a240                        __option_setting_bps_sec_reg$$Base = .
 *(.option_setting_bps_sec)
                0x0100a240                        __option_setting_bps_sec_reg$$Limit = .

.option_setting_bps_sec.endof
                0x0100a240        0x0
                0x0100a240                        __ddsc_OPTION_SETTING_BPS_SEC_END = .

.option_setting_pbps_sec.startof
                0x0100a260        0x0
                0x0100a260                        __ddsc_OPTION_SETTING_PBPS_SEC_START = .

__option_setting_pbps_sec_reg$$
                0x0100a260        0x0
                0x0100a260                        __option_setting_pbps_sec_reg$$Base = .
 *(.option_setting_pbps_sec)
                0x0100a260                        __option_setting_pbps_sec_reg$$Limit = .

.option_setting_pbps_sec.endof
                0x0100a260        0x0
                0x0100a260                        __ddsc_OPTION_SETTING_PBPS_SEC_END = .
OUTPUT(scale.elf elf32-littlearm)
LOAD linker stubs

.ARM.attributes
                0x00000000       0x36
 .ARM.attributes
                0x00000000       0x26 D:/Renesas/RA/toolchains/gcc_arm/13.2.rel1/bin/../lib/gcc/arm-none-eabi/13.2.1/thumb/v8-m.main+fp/hard/crti.o
 .ARM.attributes
                0x00000026       0x38 D:/Renesas/RA/toolchains/gcc_arm/13.2.rel1/bin/../lib/gcc/arm-none-eabi/13.2.1/thumb/v8-m.main+fp/hard/crtbegin.o
 .ARM.attributes
                0x0000005e       0x3a ./src/weight/hx711.o
 .ARM.attributes
                0x00000098       0x3a ./src/uart/uart.o
 .ARM.attributes
                0x000000d2       0x3a ./src/oled/oled.o
 .ARM.attributes
                0x0000010c       0x3a ./src/flash/flash.o
 .ARM.attributes
                0x00000146       0x3a ./src/app/app.o
 .ARM.attributes
                0x00000180       0x3a ./src/LED/TM1650.o
 .ARM.attributes
                0x000001ba       0x3a ./src/hal_entry.o
 .ARM.attributes
                0x000001f4       0x3a ./src/hal_warmstart.o
 .ARM.attributes
                0x0000022e       0x3a ./ra_gen/common_data.o
 .ARM.attributes
                0x00000268       0x3a ./ra_gen/hal_data.o
 .ARM.attributes
                0x000002a2       0x3a ./ra_gen/main.o
 .ARM.attributes
                0x000002dc       0x3a ./ra_gen/pin_data.o
 .ARM.attributes
                0x00000316       0x3a ./ra_gen/vector_data.o
 .ARM.attributes
                0x00000350       0x3a ./ra/fsp/src/r_sci_uart/r_sci_uart.o
 .ARM.attributes
                0x0000038a       0x3a ./ra/fsp/src/r_ioport/r_ioport.o
 .ARM.attributes
                0x000003c4       0x3a ./ra/fsp/src/r_gpt/r_gpt.o
 .ARM.attributes
                0x000003fe       0x3a ./ra/fsp/src/r_flash_hp/r_flash_hp.o
 .ARM.attributes
                0x00000438       0x3a ./ra/fsp/src/bsp/mcu/ra6e2/bsp_linker.o
 .ARM.attributes
                0x00000472       0x3a ./ra/fsp/src/bsp/mcu/all/bsp_clocks.o
 .ARM.attributes
                0x000004ac       0x3a ./ra/fsp/src/bsp/mcu/all/bsp_common.o
 .ARM.attributes
                0x000004e6       0x3a ./ra/fsp/src/bsp/mcu/all/bsp_delay.o
 .ARM.attributes
                0x00000520       0x3a ./ra/fsp/src/bsp/mcu/all/bsp_group_irq.o
 .ARM.attributes
                0x0000055a       0x3a ./ra/fsp/src/bsp/mcu/all/bsp_io.o
 .ARM.attributes
                0x00000594       0x3a ./ra/fsp/src/bsp/mcu/all/bsp_irq.o
 .ARM.attributes
                0x000005ce       0x3a ./ra/fsp/src/bsp/mcu/all/bsp_register_protection.o
 .ARM.attributes
                0x00000608       0x3a ./ra/fsp/src/bsp/mcu/all/bsp_sbrk.o
 .ARM.attributes
                0x00000642       0x3a ./ra/fsp/src/bsp/cmsis/Device/RENESAS/Source/startup.o
 .ARM.attributes
                0x0000067c       0x3a ./ra/fsp/src/bsp/cmsis/Device/RENESAS/Source/system.o
 .ARM.attributes
                0x000006b6       0x26 D:/Renesas/RA/toolchains/gcc_arm/13.2.rel1/bin/../lib/gcc/arm-none-eabi/13.2.1/thumb/v8-m.main+fp/hard\libgcc.a(_arm_addsubdf3.o)
 .ARM.attributes
                0x000006dc       0x26 D:/Renesas/RA/toolchains/gcc_arm/13.2.rel1/bin/../lib/gcc/arm-none-eabi/13.2.1/thumb/v8-m.main+fp/hard\libgcc.a(_arm_addsubsf3.o)
 .ARM.attributes
                0x00000702       0x38 D:/Renesas/RA/toolchains/gcc_arm/13.2.rel1/bin/../lib/gcc/arm-none-eabi/13.2.1/thumb/v8-m.main+fp/hard\libg_nano.a(libc_a-nano-vfprintf_float.o)
 .ARM.attributes
                0x0000073a       0x38 D:/Renesas/RA/toolchains/gcc_arm/13.2.rel1/bin/../lib/gcc/arm-none-eabi/13.2.1/thumb/v8-m.main+fp/hard\libg_nano.a(libc_a-nano-vfprintf_i.o)
 .ARM.attributes
                0x00000772       0x38 D:/Renesas/RA/toolchains/gcc_arm/13.2.rel1/bin/../lib/gcc/arm-none-eabi/13.2.1/thumb/v8-m.main+fp/hard\libg_nano.a(libc_a-findfp.o)
 .ARM.attributes
                0x000007aa       0x38 D:/Renesas/RA/toolchains/gcc_arm/13.2.rel1/bin/../lib/gcc/arm-none-eabi/13.2.1/thumb/v8-m.main+fp/hard\libg_nano.a(libc_a-fwalk.o)
 .ARM.attributes
                0x000007e2       0x38 D:/Renesas/RA/toolchains/gcc_arm/13.2.rel1/bin/../lib/gcc/arm-none-eabi/13.2.1/thumb/v8-m.main+fp/hard\libg_nano.a(libc_a-printf.o)
 .ARM.attributes
                0x0000081a       0x38 D:/Renesas/RA/toolchains/gcc_arm/13.2.rel1/bin/../lib/gcc/arm-none-eabi/13.2.1/thumb/v8-m.main+fp/hard\libg_nano.a(libc_a-puts.o)
 .ARM.attributes
                0x00000852       0x38 D:/Renesas/RA/toolchains/gcc_arm/13.2.rel1/bin/../lib/gcc/arm-none-eabi/13.2.1/thumb/v8-m.main+fp/hard\libg_nano.a(libc_a-stdio.o)
 .ARM.attributes
                0x0000088a       0x38 D:/Renesas/RA/toolchains/gcc_arm/13.2.rel1/bin/../lib/gcc/arm-none-eabi/13.2.1/thumb/v8-m.main+fp/hard\libg_nano.a(libc_a-wbuf.o)
 .ARM.attributes
                0x000008c2       0x38 D:/Renesas/RA/toolchains/gcc_arm/13.2.rel1/bin/../lib/gcc/arm-none-eabi/13.2.1/thumb/v8-m.main+fp/hard\libg_nano.a(libc_a-wsetup.o)
 .ARM.attributes
                0x000008fa       0x38 D:/Renesas/RA/toolchains/gcc_arm/13.2.rel1/bin/../lib/gcc/arm-none-eabi/13.2.1/thumb/v8-m.main+fp/hard\libg_nano.a(libc_a-memset.o)
 .ARM.attributes
                0x00000932       0x38 D:/Renesas/RA/toolchains/gcc_arm/13.2.rel1/bin/../lib/gcc/arm-none-eabi/13.2.1/thumb/v8-m.main+fp/hard\libg_nano.a(libc_a-localeconv.o)
 .ARM.attributes
                0x0000096a       0x38 D:/Renesas/RA/toolchains/gcc_arm/13.2.rel1/bin/../lib/gcc/arm-none-eabi/13.2.1/thumb/v8-m.main+fp/hard\libg_nano.a(libc_a-closer.o)
 .ARM.attributes
                0x000009a2       0x38 D:/Renesas/RA/toolchains/gcc_arm/13.2.rel1/bin/../lib/gcc/arm-none-eabi/13.2.1/thumb/v8-m.main+fp/hard\libg_nano.a(libc_a-reent.o)
 .ARM.attributes
                0x000009da       0x38 D:/Renesas/RA/toolchains/gcc_arm/13.2.rel1/bin/../lib/gcc/arm-none-eabi/13.2.1/thumb/v8-m.main+fp/hard\libg_nano.a(libc_a-impure.o)
 .ARM.attributes
                0x00000a12       0x38 D:/Renesas/RA/toolchains/gcc_arm/13.2.rel1/bin/../lib/gcc/arm-none-eabi/13.2.1/thumb/v8-m.main+fp/hard\libg_nano.a(libc_a-lseekr.o)
 .ARM.attributes
                0x00000a4a       0x38 D:/Renesas/RA/toolchains/gcc_arm/13.2.rel1/bin/../lib/gcc/arm-none-eabi/13.2.1/thumb/v8-m.main+fp/hard\libg_nano.a(libc_a-readr.o)
 .ARM.attributes
                0x00000a82       0x38 D:/Renesas/RA/toolchains/gcc_arm/13.2.rel1/bin/../lib/gcc/arm-none-eabi/13.2.1/thumb/v8-m.main+fp/hard\libg_nano.a(libc_a-writer.o)
 .ARM.attributes
                0x00000aba       0x38 D:/Renesas/RA/toolchains/gcc_arm/13.2.rel1/bin/../lib/gcc/arm-none-eabi/13.2.1/thumb/v8-m.main+fp/hard\libg_nano.a(libc_a-errno.o)
 .ARM.attributes
                0x00000af2       0x38 D:/Renesas/RA/toolchains/gcc_arm/13.2.rel1/bin/../lib/gcc/arm-none-eabi/13.2.1/thumb/v8-m.main+fp/hard\libg_nano.a(libc_a-lock.o)
 .ARM.attributes
                0x00000b2a       0x38 D:/Renesas/RA/toolchains/gcc_arm/13.2.rel1/bin/../lib/gcc/arm-none-eabi/13.2.1/thumb/v8-m.main+fp/hard\libg_nano.a(libc_a-memchr-stub.o)
 .ARM.attributes
                0x00000b62       0x38 D:/Renesas/RA/toolchains/gcc_arm/13.2.rel1/bin/../lib/gcc/arm-none-eabi/13.2.1/thumb/v8-m.main+fp/hard\libg_nano.a(libc_a-memcpy-stub.o)
 .ARM.attributes
                0x00000b9a       0x24 D:/Renesas/RA/toolchains/gcc_arm/13.2.rel1/bin/../lib/gcc/arm-none-eabi/13.2.1/thumb/v8-m.main+fp/hard\libg_nano.a(libc_a-strlen.o)
 .ARM.attributes
                0x00000bbe       0x38 D:/Renesas/RA/toolchains/gcc_arm/13.2.rel1/bin/../lib/gcc/arm-none-eabi/13.2.1/thumb/v8-m.main+fp/hard\libg_nano.a(libc_a-dtoa.o)
 .ARM.attributes
                0x00000bf6       0x38 D:/Renesas/RA/toolchains/gcc_arm/13.2.rel1/bin/../lib/gcc/arm-none-eabi/13.2.1/thumb/v8-m.main+fp/hard\libg_nano.a(libc_a-freer.o)
 .ARM.attributes
                0x00000c2e       0x38 D:/Renesas/RA/toolchains/gcc_arm/13.2.rel1/bin/../lib/gcc/arm-none-eabi/13.2.1/thumb/v8-m.main+fp/hard\libg_nano.a(libc_a-malloc.o)
 .ARM.attributes
                0x00000c66       0x38 D:/Renesas/RA/toolchains/gcc_arm/13.2.rel1/bin/../lib/gcc/arm-none-eabi/13.2.1/thumb/v8-m.main+fp/hard\libg_nano.a(libc_a-mallocr.o)
 .ARM.attributes
                0x00000c9e       0x38 D:/Renesas/RA/toolchains/gcc_arm/13.2.rel1/bin/../lib/gcc/arm-none-eabi/13.2.1/thumb/v8-m.main+fp/hard\libg_nano.a(libc_a-mlock.o)
 .ARM.attributes
                0x00000cd6       0x38 D:/Renesas/RA/toolchains/gcc_arm/13.2.rel1/bin/../lib/gcc/arm-none-eabi/13.2.1/thumb/v8-m.main+fp/hard\libg_nano.a(libc_a-mprec.o)
 .ARM.attributes
                0x00000d0e       0x38 D:/Renesas/RA/toolchains/gcc_arm/13.2.rel1/bin/../lib/gcc/arm-none-eabi/13.2.1/thumb/v8-m.main+fp/hard\libg_nano.a(libc_a-nano-vfprintf.o)
 .ARM.attributes
                0x00000d46       0x38 D:/Renesas/RA/toolchains/gcc_arm/13.2.rel1/bin/../lib/gcc/arm-none-eabi/13.2.1/thumb/v8-m.main+fp/hard\libg_nano.a(libc_a-fflush.o)
 .ARM.attributes
                0x00000d7e       0x38 D:/Renesas/RA/toolchains/gcc_arm/13.2.rel1/bin/../lib/gcc/arm-none-eabi/13.2.1/thumb/v8-m.main+fp/hard\libg_nano.a(libc_a-makebuf.o)
 .ARM.attributes
                0x00000db6       0x38 D:/Renesas/RA/toolchains/gcc_arm/13.2.rel1/bin/../lib/gcc/arm-none-eabi/13.2.1/thumb/v8-m.main+fp/hard\libg_nano.a(libc_a-locale.o)
 .ARM.attributes
                0x00000dee       0x38 D:/Renesas/RA/toolchains/gcc_arm/13.2.rel1/bin/../lib/gcc/arm-none-eabi/13.2.1/thumb/v8-m.main+fp/hard\libg_nano.a(libc_a-fstatr.o)
 .ARM.attributes
                0x00000e26       0x38 D:/Renesas/RA/toolchains/gcc_arm/13.2.rel1/bin/../lib/gcc/arm-none-eabi/13.2.1/thumb/v8-m.main+fp/hard\libg_nano.a(libc_a-isattyr.o)
 .ARM.attributes
                0x00000e5e       0x38 D:/Renesas/RA/toolchains/gcc_arm/13.2.rel1/bin/../lib/gcc/arm-none-eabi/13.2.1/thumb/v8-m.main+fp/hard\libg_nano.a(libc_a-sbrkr.o)
 .ARM.attributes
                0x00000e96       0x38 D:/Renesas/RA/toolchains/gcc_arm/13.2.rel1/bin/../lib/gcc/arm-none-eabi/13.2.1/thumb/v8-m.main+fp/hard\libg_nano.a(libc_a-callocr.o)
 .ARM.attributes
                0x00000ece       0x38 D:/Renesas/RA/toolchains/gcc_arm/13.2.rel1/bin/../lib/gcc/arm-none-eabi/13.2.1/thumb/v8-m.main+fp/hard\libg_nano.a(libc_a-mbtowc_r.o)
 .ARM.attributes
                0x00000f06       0x38 D:/Renesas/RA/toolchains/gcc_arm/13.2.rel1/bin/../lib/gcc/arm-none-eabi/13.2.1/thumb/v8-m.main+fp/hard\libg_nano.a(libc_a-wctomb_r.o)
 .ARM.attributes
                0x00000f3e       0x38 D:/Renesas/RA/toolchains/gcc_arm/13.2.rel1/bin/../lib/gcc/arm-none-eabi/13.2.1/thumb/v8-m.main+fp/hard\libg_nano.a(libc_a-ctype_.o)
 .ARM.attributes
                0x00000f76       0x26 D:/Renesas/RA/toolchains/gcc_arm/13.2.rel1/bin/../lib/gcc/arm-none-eabi/13.2.1/thumb/v8-m.main+fp/hard\libgcc.a(_arm_muldivdf3.o)
 .ARM.attributes
                0x00000f9c       0x26 D:/Renesas/RA/toolchains/gcc_arm/13.2.rel1/bin/../lib/gcc/arm-none-eabi/13.2.1/thumb/v8-m.main+fp/hard\libgcc.a(_arm_cmpdf2.o)
 .ARM.attributes
                0x00000fc2       0x26 D:/Renesas/RA/toolchains/gcc_arm/13.2.rel1/bin/../lib/gcc/arm-none-eabi/13.2.1/thumb/v8-m.main+fp/hard\libgcc.a(_arm_unorddf2.o)
 .ARM.attributes
                0x00000fe8       0x26 D:/Renesas/RA/toolchains/gcc_arm/13.2.rel1/bin/../lib/gcc/arm-none-eabi/13.2.1/thumb/v8-m.main+fp/hard\libgcc.a(_arm_fixdfsi.o)
 .ARM.attributes
                0x0000100e       0x38 D:/Renesas/RA/toolchains/gcc_arm/13.2.rel1/bin/../lib/gcc/arm-none-eabi/13.2.1/thumb/v8-m.main+fp/hard/crtend.o

.comment        0x00000000       0x44
 .comment       0x00000000       0x44 ./src/weight/hx711.o
                                 0x45 (size before relaxing)
 .comment       0x00000044       0x45 ./src/uart/uart.o
 .comment       0x00000044       0x45 ./src/oled/oled.o
 .comment       0x00000044       0x45 ./src/flash/flash.o
 .comment       0x00000044       0x45 ./src/app/app.o
 .comment       0x00000044       0x45 ./src/LED/TM1650.o
 .comment       0x00000044       0x45 ./src/hal_entry.o
 .comment       0x00000044       0x45 ./src/hal_warmstart.o
 .comment       0x00000044       0x45 ./ra_gen/common_data.o
 .comment       0x00000044       0x45 ./ra_gen/hal_data.o
 .comment       0x00000044       0x45 ./ra_gen/main.o
 .comment       0x00000044       0x45 ./ra_gen/pin_data.o
 .comment       0x00000044       0x45 ./ra_gen/vector_data.o
 .comment       0x00000044       0x45 ./ra/fsp/src/r_sci_uart/r_sci_uart.o
 .comment       0x00000044       0x45 ./ra/fsp/src/r_ioport/r_ioport.o
 .comment       0x00000044       0x45 ./ra/fsp/src/r_gpt/r_gpt.o
 .comment       0x00000044       0x45 ./ra/fsp/src/r_flash_hp/r_flash_hp.o
 .comment       0x00000044       0x45 ./ra/fsp/src/bsp/mcu/ra6e2/bsp_linker.o
 .comment       0x00000044       0x45 ./ra/fsp/src/bsp/mcu/all/bsp_clocks.o
 .comment       0x00000044       0x45 ./ra/fsp/src/bsp/mcu/all/bsp_common.o
 .comment       0x00000044       0x45 ./ra/fsp/src/bsp/mcu/all/bsp_delay.o
 .comment       0x00000044       0x45 ./ra/fsp/src/bsp/mcu/all/bsp_group_irq.o
 .comment       0x00000044       0x45 ./ra/fsp/src/bsp/mcu/all/bsp_io.o
 .comment       0x00000044       0x45 ./ra/fsp/src/bsp/mcu/all/bsp_irq.o
 .comment       0x00000044       0x45 ./ra/fsp/src/bsp/mcu/all/bsp_register_protection.o
 .comment       0x00000044       0x45 ./ra/fsp/src/bsp/mcu/all/bsp_sbrk.o
 .comment       0x00000044       0x45 ./ra/fsp/src/bsp/cmsis/Device/RENESAS/Source/startup.o
 .comment       0x00000044       0x45 ./ra/fsp/src/bsp/cmsis/Device/RENESAS/Source/system.o

.debug_info     0x00000000    0x45de8
 .debug_info    0x00000000     0x23a1 ./src/weight/hx711.o
 .debug_info    0x000023a1     0x35b5 ./src/uart/uart.o
 .debug_info    0x00005956     0x2a8c ./src/oled/oled.o
 .debug_info    0x000083e2     0x14d3 ./src/flash/flash.o
 .debug_info    0x000098b5      0x580 ./src/app/app.o
 .debug_info    0x00009e35     0x2c77 ./src/LED/TM1650.o
 .debug_info    0x0000caac       0xad ./src/hal_entry.o
 .debug_info    0x0000cb59      0xff6 ./src/hal_warmstart.o
 .debug_info    0x0000db4f     0x1253 ./ra_gen/common_data.o
 .debug_info    0x0000eda2     0x7274 ./ra_gen/hal_data.o
 .debug_info    0x00016016       0xb1 ./ra_gen/main.o
 .debug_info    0x000160c7      0xa31 ./ra_gen/pin_data.o
 .debug_info    0x00016af8      0x5e8 ./ra_gen/vector_data.o
 .debug_info    0x000170e0     0xa177 ./ra/fsp/src/r_sci_uart/r_sci_uart.o
 .debug_info    0x00021257     0x4047 ./ra/fsp/src/r_ioport/r_ioport.o
 .debug_info    0x0002529e     0xa510 ./ra/fsp/src/r_gpt/r_gpt.o
 .debug_info    0x0002f7ae     0x802e ./ra/fsp/src/r_flash_hp/r_flash_hp.o
 .debug_info    0x000377dc      0x3f8 ./ra/fsp/src/bsp/mcu/ra6e2/bsp_linker.o
 .debug_info    0x00037bd4     0x5765 ./ra/fsp/src/bsp/mcu/all/bsp_clocks.o
 .debug_info    0x0003d339      0x966 ./ra/fsp/src/bsp/mcu/all/bsp_common.o
 .debug_info    0x0003dc9f      0x204 ./ra/fsp/src/bsp/mcu/all/bsp_delay.o
 .debug_info    0x0003dea3     0x135a ./ra/fsp/src/bsp/mcu/all/bsp_group_irq.o
 .debug_info    0x0003f1fd       0xb2 ./ra/fsp/src/bsp/mcu/all/bsp_io.o
 .debug_info    0x0003f2af     0x1d35 ./ra/fsp/src/bsp/mcu/all/bsp_irq.o
 .debug_info    0x00040fe4     0x3912 ./ra/fsp/src/bsp/mcu/all/bsp_register_protection.o
 .debug_info    0x000448f6      0x15b ./ra/fsp/src/bsp/mcu/all/bsp_sbrk.o
 .debug_info    0x00044a51      0x188 ./ra/fsp/src/bsp/cmsis/Device/RENESAS/Source/startup.o
 .debug_info    0x00044bd9     0x120f ./ra/fsp/src/bsp/cmsis/Device/RENESAS/Source/system.o

.debug_abbrev   0x00000000     0x46ef
 .debug_abbrev  0x00000000      0x3b8 ./src/weight/hx711.o
 .debug_abbrev  0x000003b8      0x321 ./src/uart/uart.o
 .debug_abbrev  0x000006d9      0x47b ./src/oled/oled.o
 .debug_abbrev  0x00000b54      0x32b ./src/flash/flash.o
 .debug_abbrev  0x00000e7f      0x1e9 ./src/app/app.o
 .debug_abbrev  0x00001068      0x37f ./src/LED/TM1650.o
 .debug_abbrev  0x000013e7       0x62 ./src/hal_entry.o
 .debug_abbrev  0x00001449      0x158 ./src/hal_warmstart.o
 .debug_abbrev  0x000015a1      0x13a ./ra_gen/common_data.o
 .debug_abbrev  0x000016db      0x2c6 ./ra_gen/hal_data.o
 .debug_abbrev  0x000019a1       0x61 ./ra_gen/main.o
 .debug_abbrev  0x00001a02       0xff ./ra_gen/pin_data.o
 .debug_abbrev  0x00001b01       0xbe ./ra_gen/vector_data.o
 .debug_abbrev  0x00001bbf      0x622 ./ra/fsp/src/r_sci_uart/r_sci_uart.o
 .debug_abbrev  0x000021e1      0x462 ./ra/fsp/src/r_ioport/r_ioport.o
 .debug_abbrev  0x00002643      0x628 ./ra/fsp/src/r_gpt/r_gpt.o
 .debug_abbrev  0x00002c6b      0x5f2 ./ra/fsp/src/r_flash_hp/r_flash_hp.o
 .debug_abbrev  0x0000325d       0xe3 ./ra/fsp/src/bsp/mcu/ra6e2/bsp_linker.o
 .debug_abbrev  0x00003340      0x415 ./ra/fsp/src/bsp/mcu/all/bsp_clocks.o
 .debug_abbrev  0x00003755      0x188 ./ra/fsp/src/bsp/mcu/all/bsp_common.o
 .debug_abbrev  0x000038dd      0x10d ./ra/fsp/src/bsp/mcu/all/bsp_delay.o
 .debug_abbrev  0x000039ea      0x256 ./ra/fsp/src/bsp/mcu/all/bsp_group_irq.o
 .debug_abbrev  0x00003c40       0x5e ./ra/fsp/src/bsp/mcu/all/bsp_io.o
 .debug_abbrev  0x00003c9e      0x287 ./ra/fsp/src/bsp/mcu/all/bsp_irq.o
 .debug_abbrev  0x00003f25      0x27d ./ra/fsp/src/bsp/mcu/all/bsp_register_protection.o
 .debug_abbrev  0x000041a2       0xdc ./ra/fsp/src/bsp/mcu/all/bsp_sbrk.o
 .debug_abbrev  0x0000427e       0xf9 ./ra/fsp/src/bsp/cmsis/Device/RENESAS/Source/startup.o
 .debug_abbrev  0x00004377      0x378 ./ra/fsp/src/bsp/cmsis/Device/RENESAS/Source/system.o

.debug_loclists
                0x00000000     0x6091
 .debug_loclists
                0x00000000      0x287 ./src/weight/hx711.o
 .debug_loclists
                0x00000287      0x178 ./src/uart/uart.o
 .debug_loclists
                0x000003ff     0x1522 ./src/oled/oled.o
 .debug_loclists
                0x00001921      0x452 ./src/flash/flash.o
 .debug_loclists
                0x00001d73       0x21 ./src/app/app.o
 .debug_loclists
                0x00001d94      0x686 ./src/LED/TM1650.o
 .debug_loclists
                0x0000241a       0x29 ./src/hal_warmstart.o
 .debug_loclists
                0x00002443      0xe28 ./ra/fsp/src/r_sci_uart/r_sci_uart.o
 .debug_loclists
                0x0000326b      0x7a2 ./ra/fsp/src/r_ioport/r_ioport.o
 .debug_loclists
                0x00003a0d      0xb3d ./ra/fsp/src/r_gpt/r_gpt.o
 .debug_loclists
                0x0000454a     0x14a1 ./ra/fsp/src/r_flash_hp/r_flash_hp.o
 .debug_loclists
                0x000059eb      0x24c ./ra/fsp/src/bsp/mcu/all/bsp_clocks.o
 .debug_loclists
                0x00005c37       0x20 ./ra/fsp/src/bsp/mcu/all/bsp_common.o
 .debug_loclists
                0x00005c57      0x199 ./ra/fsp/src/bsp/mcu/all/bsp_delay.o
 .debug_loclists
                0x00005df0       0x73 ./ra/fsp/src/bsp/mcu/all/bsp_group_irq.o
 .debug_loclists
                0x00005e63       0x99 ./ra/fsp/src/bsp/mcu/all/bsp_irq.o
 .debug_loclists
                0x00005efc       0xa7 ./ra/fsp/src/bsp/mcu/all/bsp_register_protection.o
 .debug_loclists
                0x00005fa3       0x51 ./ra/fsp/src/bsp/mcu/all/bsp_sbrk.o
 .debug_loclists
                0x00005ff4       0x9d ./ra/fsp/src/bsp/cmsis/Device/RENESAS/Source/system.o

.debug_aranges  0x00000000      0x858
 .debug_aranges
                0x00000000       0x50 ./src/weight/hx711.o
 .debug_aranges
                0x00000050       0x70 ./src/uart/uart.o
 .debug_aranges
                0x000000c0       0xc0 ./src/oled/oled.o
 .debug_aranges
                0x00000180       0x68 ./src/flash/flash.o
 .debug_aranges
                0x000001e8       0x20 ./src/app/app.o
 .debug_aranges
                0x00000208       0xa0 ./src/LED/TM1650.o
 .debug_aranges
                0x000002a8       0x20 ./src/hal_entry.o
 .debug_aranges
                0x000002c8       0x20 ./src/hal_warmstart.o
 .debug_aranges
                0x000002e8       0x20 ./ra_gen/common_data.o
 .debug_aranges
                0x00000308       0x20 ./ra_gen/hal_data.o
 .debug_aranges
                0x00000328       0x20 ./ra_gen/main.o
 .debug_aranges
                0x00000348       0x18 ./ra_gen/pin_data.o
 .debug_aranges
                0x00000360       0x18 ./ra_gen/vector_data.o
 .debug_aranges
                0x00000378       0xa0 ./ra/fsp/src/r_sci_uart/r_sci_uart.o
 .debug_aranges
                0x00000418       0x90 ./ra/fsp/src/r_ioport/r_ioport.o
 .debug_aranges
                0x000004a8       0xe0 ./ra/fsp/src/r_gpt/r_gpt.o
 .debug_aranges
                0x00000588       0xf0 ./ra/fsp/src/r_flash_hp/r_flash_hp.o
 .debug_aranges
                0x00000678       0x18 ./ra/fsp/src/bsp/mcu/ra6e2/bsp_linker.o
 .debug_aranges
                0x00000690       0x70 ./ra/fsp/src/bsp/mcu/all/bsp_clocks.o
 .debug_aranges
                0x00000700       0x30 ./ra/fsp/src/bsp/mcu/all/bsp_common.o
 .debug_aranges
                0x00000730       0x28 ./ra/fsp/src/bsp/mcu/all/bsp_delay.o
 .debug_aranges
                0x00000758       0x28 ./ra/fsp/src/bsp/mcu/all/bsp_group_irq.o
 .debug_aranges
                0x00000780       0x18 ./ra/fsp/src/bsp/mcu/all/bsp_io.o
 .debug_aranges
                0x00000798       0x20 ./ra/fsp/src/bsp/mcu/all/bsp_irq.o
 .debug_aranges
                0x000007b8       0x28 ./ra/fsp/src/bsp/mcu/all/bsp_register_protection.o
 .debug_aranges
                0x000007e0       0x20 ./ra/fsp/src/bsp/mcu/all/bsp_sbrk.o
 .debug_aranges
                0x00000800       0x28 ./ra/fsp/src/bsp/cmsis/Device/RENESAS/Source/startup.o
 .debug_aranges
                0x00000828       0x30 ./ra/fsp/src/bsp/cmsis/Device/RENESAS/Source/system.o

.debug_rnglists
                0x00000000     0x10bd
 .debug_rnglists
                0x00000000       0xdb ./src/weight/hx711.o
 .debug_rnglists
                0x000000db       0x4f ./src/uart/uart.o
 .debug_rnglists
                0x0000012a      0x172 ./src/oled/oled.o
 .debug_rnglists
                0x0000029c       0xcf ./src/flash/flash.o
 .debug_rnglists
                0x0000036b       0x31 ./src/app/app.o
 .debug_rnglists
                0x0000039c      0x2b9 ./src/LED/TM1650.o
 .debug_rnglists
                0x00000655       0x13 ./src/hal_entry.o
 .debug_rnglists
                0x00000668       0x13 ./src/hal_warmstart.o
 .debug_rnglists
                0x0000067b       0x13 ./ra_gen/common_data.o
 .debug_rnglists
                0x0000068e       0x13 ./ra_gen/hal_data.o
 .debug_rnglists
                0x000006a1       0x13 ./ra_gen/main.o
 .debug_rnglists
                0x000006b4      0x278 ./ra/fsp/src/r_sci_uart/r_sci_uart.o
 .debug_rnglists
                0x0000092c       0xbb ./ra/fsp/src/r_ioport/r_ioport.o
 .debug_rnglists
                0x000009e7      0x1d6 ./ra/fsp/src/r_gpt/r_gpt.o
 .debug_rnglists
                0x00000bbd      0x2d8 ./ra/fsp/src/r_flash_hp/r_flash_hp.o
 .debug_rnglists
                0x00000e95       0xc4 ./ra/fsp/src/bsp/mcu/all/bsp_clocks.o
 .debug_rnglists
                0x00000f59       0x1f ./ra/fsp/src/bsp/mcu/all/bsp_common.o
 .debug_rnglists
                0x00000f78       0x35 ./ra/fsp/src/bsp/mcu/all/bsp_delay.o
 .debug_rnglists
                0x00000fad       0x37 ./ra/fsp/src/bsp/mcu/all/bsp_group_irq.o
 .debug_rnglists
                0x00000fe4       0x41 ./ra/fsp/src/bsp/mcu/all/bsp_irq.o
 .debug_rnglists
                0x00001025       0x31 ./ra/fsp/src/bsp/mcu/all/bsp_register_protection.o
 .debug_rnglists
                0x00001056       0x13 ./ra/fsp/src/bsp/mcu/all/bsp_sbrk.o
 .debug_rnglists
                0x00001069       0x19 ./ra/fsp/src/bsp/cmsis/Device/RENESAS/Source/startup.o
 .debug_rnglists
                0x00001082       0x3b ./ra/fsp/src/bsp/cmsis/Device/RENESAS/Source/system.o

.debug_line     0x00000000     0xaf3a
 .debug_line    0x00000000      0x89e ./src/weight/hx711.o
 .debug_line    0x0000089e      0x4ed ./src/uart/uart.o
 .debug_line    0x00000d8b     0x11fe ./src/oled/oled.o
 .debug_line    0x00001f89      0x606 ./src/flash/flash.o
 .debug_line    0x0000258f      0x345 ./src/app/app.o
 .debug_line    0x000028d4      0xb54 ./src/LED/TM1650.o
 .debug_line    0x00003428       0x5b ./src/hal_entry.o
 .debug_line    0x00003483      0x25f ./src/hal_warmstart.o
 .debug_line    0x000036e2      0x213 ./ra_gen/common_data.o
 .debug_line    0x000038f5      0x29f ./ra_gen/hal_data.o
 .debug_line    0x00003b94       0x5e ./ra_gen/main.o
 .debug_line    0x00003bf2      0x19c ./ra_gen/pin_data.o
 .debug_line    0x00003d8e       0xf6 ./ra_gen/vector_data.o
 .debug_line    0x00003e84     0x181b ./ra/fsp/src/r_sci_uart/r_sci_uart.o
 .debug_line    0x0000569f      0xa17 ./ra/fsp/src/r_ioport/r_ioport.o
 .debug_line    0x000060b6     0x113b ./ra/fsp/src/r_gpt/r_gpt.o
 .debug_line    0x000071f1     0x1abf ./ra/fsp/src/r_flash_hp/r_flash_hp.o
 .debug_line    0x00008cb0      0x10f ./ra/fsp/src/bsp/mcu/ra6e2/bsp_linker.o
 .debug_line    0x00008dbf      0x87f ./ra/fsp/src/bsp/mcu/all/bsp_clocks.o
 .debug_line    0x0000963e      0x222 ./ra/fsp/src/bsp/mcu/all/bsp_common.o
 .debug_line    0x00009860      0x27b ./ra/fsp/src/bsp/mcu/all/bsp_delay.o
 .debug_line    0x00009adb      0x294 ./ra/fsp/src/bsp/mcu/all/bsp_group_irq.o
 .debug_line    0x00009d6f      0x130 ./ra/fsp/src/bsp/mcu/all/bsp_io.o
 .debug_line    0x00009e9f      0x45c ./ra/fsp/src/bsp/mcu/all/bsp_irq.o
 .debug_line    0x0000a2fb      0x34c ./ra/fsp/src/bsp/mcu/all/bsp_register_protection.o
 .debug_line    0x0000a647      0x186 ./ra/fsp/src/bsp/mcu/all/bsp_sbrk.o
 .debug_line    0x0000a7cd      0x19c ./ra/fsp/src/bsp/cmsis/Device/RENESAS/Source/startup.o
 .debug_line    0x0000a969      0x5d1 ./ra/fsp/src/bsp/cmsis/Device/RENESAS/Source/system.o

.debug_str      0x00000000     0xf4d4
 .debug_str     0x00000000     0xf4d4 ./src/weight/hx711.o
                               0x3990 (size before relaxing)
 .debug_str     0x0000f4d4     0x42ce ./src/uart/uart.o
 .debug_str     0x0000f4d4     0x33c6 ./src/oled/oled.o
 .debug_str     0x0000f4d4     0x2223 ./src/flash/flash.o
 .debug_str     0x0000f4d4      0x46c ./src/app/app.o
 .debug_str     0x0000f4d4     0x32e8 ./src/LED/TM1650.o
 .debug_str     0x0000f4d4      0x1d3 ./src/hal_entry.o
 .debug_str     0x0000f4d4     0x31f5 ./src/hal_warmstart.o
 .debug_str     0x0000f4d4     0x33ba ./ra_gen/common_data.o
 .debug_str     0x0000f4d4     0x74de ./ra_gen/hal_data.o
 .debug_str     0x0000f4d4      0x1cd ./ra_gen/main.o
 .debug_str     0x0000f4d4     0x1d9d ./ra_gen/pin_data.o
 .debug_str     0x0000f4d4     0x1412 ./ra_gen/vector_data.o
 .debug_str     0x0000f4d4     0x6e5c ./ra/fsp/src/r_sci_uart/r_sci_uart.o
 .debug_str     0x0000f4d4     0x452a ./ra/fsp/src/r_ioport/r_ioport.o
 .debug_str     0x0000f4d4     0x6e65 ./ra/fsp/src/r_gpt/r_gpt.o
 .debug_str     0x0000f4d4     0x4c48 ./ra/fsp/src/r_flash_hp/r_flash_hp.o
 .debug_str     0x0000f4d4      0x615 ./ra/fsp/src/bsp/mcu/ra6e2/bsp_linker.o
 .debug_str     0x0000f4d4     0x2739 ./ra/fsp/src/bsp/mcu/all/bsp_clocks.o
 .debug_str     0x0000f4d4     0x1caf ./ra/fsp/src/bsp/mcu/all/bsp_common.o
 .debug_str     0x0000f4d4      0x317 ./ra/fsp/src/bsp/mcu/all/bsp_delay.o
 .debug_str     0x0000f4d4     0x2216 ./ra/fsp/src/bsp/mcu/all/bsp_group_irq.o
 .debug_str     0x0000f4d4      0x1f6 ./ra/fsp/src/bsp/mcu/all/bsp_io.o
 .debug_str     0x0000f4d4     0x1dfd ./ra/fsp/src/bsp/mcu/all/bsp_irq.o
 .debug_str     0x0000f4d4     0x1b6f ./ra/fsp/src/bsp/mcu/all/bsp_register_protection.o
 .debug_str     0x0000f4d4      0x245 ./ra/fsp/src/bsp/mcu/all/bsp_sbrk.o
 .debug_str     0x0000f4d4      0x265 ./ra/fsp/src/bsp/cmsis/Device/RENESAS/Source/startup.o
 .debug_str     0x0000f4d4      0xac7 ./ra/fsp/src/bsp/cmsis/Device/RENESAS/Source/system.o

.debug_frame    0x00000000     0x23c4
 .debug_frame   0x00000000       0xfc ./src/weight/hx711.o
 .debug_frame   0x000000fc       0xec ./src/uart/uart.o
 .debug_frame   0x000001e8      0x2dc ./src/oled/oled.o
 .debug_frame   0x000004c4      0x104 ./src/flash/flash.o
 .debug_frame   0x000005c8       0x3c ./src/app/app.o
 .debug_frame   0x00000604      0x224 ./src/LED/TM1650.o
 .debug_frame   0x00000828       0x20 ./src/hal_entry.o
 .debug_frame   0x00000848       0x20 ./src/hal_warmstart.o
 .debug_frame   0x00000868       0x20 ./ra_gen/common_data.o
 .debug_frame   0x00000888       0x20 ./ra_gen/hal_data.o
 .debug_frame   0x000008a8       0x28 ./ra_gen/main.o
 .debug_frame   0x000008d0      0x1d8 ./ra/fsp/src/r_sci_uart/r_sci_uart.o
 .debug_frame   0x00000aa8      0x178 ./ra/fsp/src/r_ioport/r_ioport.o
 .debug_frame   0x00000c20      0x244 ./ra/fsp/src/r_gpt/r_gpt.o
 .debug_frame   0x00000e64      0x310 ./ra/fsp/src/r_flash_hp/r_flash_hp.o
 .debug_frame   0x00001174       0xfc ./ra/fsp/src/bsp/mcu/all/bsp_clocks.o
 .debug_frame   0x00001270       0x40 ./ra/fsp/src/bsp/mcu/all/bsp_common.o
 .debug_frame   0x000012b0       0x4c ./ra/fsp/src/bsp/mcu/all/bsp_delay.o
 .debug_frame   0x000012fc       0x3c ./ra/fsp/src/bsp/mcu/all/bsp_group_irq.o
 .debug_frame   0x00001338       0x34 ./ra/fsp/src/bsp/mcu/all/bsp_irq.o
 .debug_frame   0x0000136c       0x48 ./ra/fsp/src/bsp/mcu/all/bsp_register_protection.o
 .debug_frame   0x000013b4       0x28 ./ra/fsp/src/bsp/mcu/all/bsp_sbrk.o
 .debug_frame   0x000013dc       0x38 ./ra/fsp/src/bsp/cmsis/Device/RENESAS/Source/startup.o
 .debug_frame   0x00001414       0x64 ./ra/fsp/src/bsp/cmsis/Device/RENESAS/Source/system.o
 .debug_frame   0x00001478       0xac D:/Renesas/RA/toolchains/gcc_arm/13.2.rel1/bin/../lib/gcc/arm-none-eabi/13.2.1/thumb/v8-m.main+fp/hard\libgcc.a(_arm_addsubdf3.o)
 .debug_frame   0x00001524       0x4c D:/Renesas/RA/toolchains/gcc_arm/13.2.rel1/bin/../lib/gcc/arm-none-eabi/13.2.1/thumb/v8-m.main+fp/hard\libgcc.a(_arm_addsubsf3.o)
 .debug_frame   0x00001570       0x90 D:/Renesas/RA/toolchains/gcc_arm/13.2.rel1/bin/../lib/gcc/arm-none-eabi/13.2.1/thumb/v8-m.main+fp/hard\libg_nano.a(libc_a-nano-vfprintf_float.o)